2024-02-13 16:25:29.492 [info] Extension host with pid 17248 started
2024-02-13 16:25:29.492 [info] Skipping acquiring lock for c:\Users\kotha\AppData\Roaming\Code\User\workspaceStorage\1027b7063067e9287c6d3ed7ea6fe9c7.
2024-02-13 16:25:29.566 [info] ExtensionService#_doActivateExtension vscode.emmet, startup: false, activationEvent: 'onLanguage'
2024-02-13 16:25:29.579 [info] ExtensionService#_doActivateExtension ms-python.debugpy, startup: false, activationEvent: 'onLanguage:python'
2024-02-13 16:25:29.656 [info] ExtensionService#_doActivateExtension ms-python.python, startup: false, activationEvent: 'onLanguage:python'
2024-02-13 16:25:29.977 [info] ExtensionService#_doActivateExtension oracle-labs-graalvm.graalvm, startup: false, activationEvent: 'onLanguage:python'
2024-02-13 16:25:30.036 [info] ExtensionService#_doActivateExtension VisualStudioExptTeam.intellicode-api-usage-examples, startup: false, activationEvent: 'onLanguage:python'
2024-02-13 16:25:30.226 [info] ExtensionService#_doActivateExtension VisualStudioExptTeam.vscodeintellicode, startup: false, activationEvent: 'onLanguage:python'
2024-02-13 16:25:30.831 [info] ExtensionService#_doActivateExtension vscode.git-base, startup: true, activationEvent: '*', root cause: vscode.git
2024-02-13 16:25:31.453 [info] ExtensionService#_doActivateExtension vscode.git, startup: true, activationEvent: '*'
2024-02-13 16:25:31.556 [info] ExtensionService#_doActivateExtension vscode.github, startup: true, activationEvent: '*'
2024-02-13 16:25:31.617 [info] ExtensionService#_doActivateExtension ms-python.vscode-pylance, startup: false, activationEvent: 'onLanguage:python'
2024-02-13 16:25:33.867 [info] ExtensionService#_doActivateExtension vscode.json-language-features, startup: false, activationEvent: 'onLanguage:jsonc'
2024-02-13 16:25:33.890 [info] ExtensionService#_doActivateExtension vscode.typescript-language-features, startup: false, activationEvent: 'onLanguage:jsonc'
2024-02-13 16:25:34.967 [info] Eager extensions activated
2024-02-13 16:25:35.037 [info] ExtensionService#_doActivateExtension vscode.debug-auto-launch, startup: false, activationEvent: 'onStartupFinished'
2024-02-13 16:25:35.059 [info] ExtensionService#_doActivateExtension vscode.merge-conflict, startup: false, activationEvent: 'onStartupFinished'
2024-02-13 16:25:35.072 [info] ExtensionService#_doActivateExtension formulahendry.code-runner, startup: false, activationEvent: 'onStartupFinished'
2024-02-13 16:25:35.257 [info] ExtensionService#_doActivateExtension ritwickdey.LiveServer, startup: false, activationEvent: 'onStartupFinished'
2024-02-13 16:25:35.320 [info] ExtensionService#_doActivateExtension vadimcn.vscode-lldb, startup: false, activationEvent: 'onStartupFinished'
2024-02-13 16:31:32.550 [info] ExtensionService#_doActivateExtension vscode.html-language-features, startup: false, activationEvent: 'onLanguage:html'
2024-02-13 16:32:02.621 [error] [vscode.emmet] provider FAILED
2024-02-13 16:32:02.622 [error] TypeError: Cannot read properties of undefined (reading 'start')
	at t.$S.b (c:\Users\kotha\AppData\Local\Programs\Microsoft VS Code\resources\app\extensions\emmet\dist\node\emmetNodeMain.js:1:129945)
	at t.$S.provideCompletionItems (c:\Users\kotha\AppData\Local\Programs\Microsoft VS Code\resources\app\extensions\emmet\dist\node\emmetNodeMain.js:1:128540)
	at $e.provideCompletionItems (c:\Users\kotha\AppData\Local\Programs\Microsoft VS Code\resources\app\out\vs\workbench\api\node\extensionHostProcess.js:150:99164)
	at c:\Users\kotha\AppData\Local\Programs\Microsoft VS Code\resources\app\out\vs\workbench\api\node\extensionHostProcess.js:150:120900
	at pe.s (c:\Users\kotha\AppData\Local\Programs\Microsoft VS Code\resources\app\out\vs\workbench\api\node\extensionHostProcess.js:150:112365)
	at pe.$provideCompletionItems (c:\Users\kotha\AppData\Local\Programs\Microsoft VS Code\resources\app\out\vs\workbench\api\node\extensionHostProcess.js:150:120886)
	at d.S (c:\Users\kotha\AppData\Local\Programs\Microsoft VS Code\resources\app\out\vs\workbench\api\node\extensionHostProcess.js:147:5520)
	at d.Q (c:\Users\kotha\AppData\Local\Programs\Microsoft VS Code\resources\app\out\vs\workbench\api\node\extensionHostProcess.js:147:5286)
	at d.M (c:\Users\kotha\AppData\Local\Programs\Microsoft VS Code\resources\app\out\vs\workbench\api\node\extensionHostProcess.js:147:4338)
	at d.L (c:\Users\kotha\AppData\Local\Programs\Microsoft VS Code\resources\app\out\vs\workbench\api\node\extensionHostProcess.js:147:3455)
	at g.value (c:\Users\kotha\AppData\Local\Programs\Microsoft VS Code\resources\app\out\vs\workbench\api\node\extensionHostProcess.js:147:2242)
	at r.y (c:\Users\kotha\AppData\Local\Programs\Microsoft VS Code\resources\app\out\vs\workbench\api\node\extensionHostProcess.js:80:1902)
	at r.fire (c:\Users\kotha\AppData\Local\Programs\Microsoft VS Code\resources\app\out\vs\workbench\api\node\extensionHostProcess.js:80:2119)
	at n.fire (c:\Users\kotha\AppData\Local\Programs\Microsoft VS Code\resources\app\out\vs\workbench\api\node\extensionHostProcess.js:105:14073)
	at g.value (c:\Users\kotha\AppData\Local\Programs\Microsoft VS Code\resources\app\out\vs\workbench\api\node\extensionHostProcess.js:173:8051)
	at r.y (c:\Users\kotha\AppData\Local\Programs\Microsoft VS Code\resources\app\out\vs\workbench\api\node\extensionHostProcess.js:80:1902)
	at r.fire (c:\Users\kotha\AppData\Local\Programs\Microsoft VS Code\resources\app\out\vs\workbench\api\node\extensionHostProcess.js:80:2119)
	at n.fire (c:\Users\kotha\AppData\Local\Programs\Microsoft VS Code\resources\app\out\vs\workbench\api\node\extensionHostProcess.js:105:14073)
	at MessagePortMain.<anonymous> (c:\Users\kotha\AppData\Local\Programs\Microsoft VS Code\resources\app\out\vs\workbench\api\node\extensionHostProcess.js:173:6331)
	at MessagePortMain.emit (node:events:514:28)
	at Object.emit (node:electron/js2c/utility_init:2:2285)
2024-02-13 16:32:04.742 [error] [vscode.emmet] provider FAILED
2024-02-13 16:32:04.742 [error] TypeError: Cannot read properties of undefined (reading 'start')
	at t.$S.b (c:\Users\kotha\AppData\Local\Programs\Microsoft VS Code\resources\app\extensions\emmet\dist\node\emmetNodeMain.js:1:129945)
	at t.$S.provideCompletionItems (c:\Users\kotha\AppData\Local\Programs\Microsoft VS Code\resources\app\extensions\emmet\dist\node\emmetNodeMain.js:1:128540)
	at $e.provideCompletionItems (c:\Users\kotha\AppData\Local\Programs\Microsoft VS Code\resources\app\out\vs\workbench\api\node\extensionHostProcess.js:150:99164)
	at c:\Users\kotha\AppData\Local\Programs\Microsoft VS Code\resources\app\out\vs\workbench\api\node\extensionHostProcess.js:150:120900
	at pe.s (c:\Users\kotha\AppData\Local\Programs\Microsoft VS Code\resources\app\out\vs\workbench\api\node\extensionHostProcess.js:150:112365)
	at pe.$provideCompletionItems (c:\Users\kotha\AppData\Local\Programs\Microsoft VS Code\resources\app\out\vs\workbench\api\node\extensionHostProcess.js:150:120886)
	at d.S (c:\Users\kotha\AppData\Local\Programs\Microsoft VS Code\resources\app\out\vs\workbench\api\node\extensionHostProcess.js:147:5520)
	at d.Q (c:\Users\kotha\AppData\Local\Programs\Microsoft VS Code\resources\app\out\vs\workbench\api\node\extensionHostProcess.js:147:5286)
	at d.M (c:\Users\kotha\AppData\Local\Programs\Microsoft VS Code\resources\app\out\vs\workbench\api\node\extensionHostProcess.js:147:4338)
	at d.L (c:\Users\kotha\AppData\Local\Programs\Microsoft VS Code\resources\app\out\vs\workbench\api\node\extensionHostProcess.js:147:3455)
	at g.value (c:\Users\kotha\AppData\Local\Programs\Microsoft VS Code\resources\app\out\vs\workbench\api\node\extensionHostProcess.js:147:2242)
	at r.y (c:\Users\kotha\AppData\Local\Programs\Microsoft VS Code\resources\app\out\vs\workbench\api\node\extensionHostProcess.js:80:1902)
	at r.fire (c:\Users\kotha\AppData\Local\Programs\Microsoft VS Code\resources\app\out\vs\workbench\api\node\extensionHostProcess.js:80:2119)
	at n.fire (c:\Users\kotha\AppData\Local\Programs\Microsoft VS Code\resources\app\out\vs\workbench\api\node\extensionHostProcess.js:105:14073)
	at g.value (c:\Users\kotha\AppData\Local\Programs\Microsoft VS Code\resources\app\out\vs\workbench\api\node\extensionHostProcess.js:173:8051)
	at r.y (c:\Users\kotha\AppData\Local\Programs\Microsoft VS Code\resources\app\out\vs\workbench\api\node\extensionHostProcess.js:80:1902)
	at r.fire (c:\Users\kotha\AppData\Local\Programs\Microsoft VS Code\resources\app\out\vs\workbench\api\node\extensionHostProcess.js:80:2119)
	at n.fire (c:\Users\kotha\AppData\Local\Programs\Microsoft VS Code\resources\app\out\vs\workbench\api\node\extensionHostProcess.js:105:14073)
	at MessagePortMain.<anonymous> (c:\Users\kotha\AppData\Local\Programs\Microsoft VS Code\resources\app\out\vs\workbench\api\node\extensionHostProcess.js:173:6331)
	at MessagePortMain.emit (node:events:514:28)
	at Object.emit (node:electron/js2c/utility_init:2:2285)
2024-02-13 16:32:04.960 [error] [vscode.emmet] provider FAILED
2024-02-13 16:32:04.960 [error] TypeError: Cannot read properties of undefined (reading 'start')
	at t.$S.b (c:\Users\kotha\AppData\Local\Programs\Microsoft VS Code\resources\app\extensions\emmet\dist\node\emmetNodeMain.js:1:129945)
	at t.$S.provideCompletionItems (c:\Users\kotha\AppData\Local\Programs\Microsoft VS Code\resources\app\extensions\emmet\dist\node\emmetNodeMain.js:1:128540)
	at $e.provideCompletionItems (c:\Users\kotha\AppData\Local\Programs\Microsoft VS Code\resources\app\out\vs\workbench\api\node\extensionHostProcess.js:150:99164)
	at c:\Users\kotha\AppData\Local\Programs\Microsoft VS Code\resources\app\out\vs\workbench\api\node\extensionHostProcess.js:150:120900
	at pe.s (c:\Users\kotha\AppData\Local\Programs\Microsoft VS Code\resources\app\out\vs\workbench\api\node\extensionHostProcess.js:150:112365)
	at pe.$provideCompletionItems (c:\Users\kotha\AppData\Local\Programs\Microsoft VS Code\resources\app\out\vs\workbench\api\node\extensionHostProcess.js:150:120886)
	at d.S (c:\Users\kotha\AppData\Local\Programs\Microsoft VS Code\resources\app\out\vs\workbench\api\node\extensionHostProcess.js:147:5520)
	at d.Q (c:\Users\kotha\AppData\Local\Programs\Microsoft VS Code\resources\app\out\vs\workbench\api\node\extensionHostProcess.js:147:5286)
	at d.M (c:\Users\kotha\AppData\Local\Programs\Microsoft VS Code\resources\app\out\vs\workbench\api\node\extensionHostProcess.js:147:4338)
	at d.L (c:\Users\kotha\AppData\Local\Programs\Microsoft VS Code\resources\app\out\vs\workbench\api\node\extensionHostProcess.js:147:3455)
	at g.value (c:\Users\kotha\AppData\Local\Programs\Microsoft VS Code\resources\app\out\vs\workbench\api\node\extensionHostProcess.js:147:2242)
	at r.y (c:\Users\kotha\AppData\Local\Programs\Microsoft VS Code\resources\app\out\vs\workbench\api\node\extensionHostProcess.js:80:1902)
	at r.fire (c:\Users\kotha\AppData\Local\Programs\Microsoft VS Code\resources\app\out\vs\workbench\api\node\extensionHostProcess.js:80:2119)
	at n.fire (c:\Users\kotha\AppData\Local\Programs\Microsoft VS Code\resources\app\out\vs\workbench\api\node\extensionHostProcess.js:105:14073)
	at g.value (c:\Users\kotha\AppData\Local\Programs\Microsoft VS Code\resources\app\out\vs\workbench\api\node\extensionHostProcess.js:173:8051)
	at r.y (c:\Users\kotha\AppData\Local\Programs\Microsoft VS Code\resources\app\out\vs\workbench\api\node\extensionHostProcess.js:80:1902)
	at r.fire (c:\Users\kotha\AppData\Local\Programs\Microsoft VS Code\resources\app\out\vs\workbench\api\node\extensionHostProcess.js:80:2119)
	at n.fire (c:\Users\kotha\AppData\Local\Programs\Microsoft VS Code\resources\app\out\vs\workbench\api\node\extensionHostProcess.js:105:14073)
	at MessagePortMain.<anonymous> (c:\Users\kotha\AppData\Local\Programs\Microsoft VS Code\resources\app\out\vs\workbench\api\node\extensionHostProcess.js:173:6331)
	at MessagePortMain.emit (node:events:514:28)
	at Object.emit (node:electron/js2c/utility_init:2:2285)
2024-02-13 16:32:06.415 [error] [vscode.emmet] provider FAILED
2024-02-13 16:32:06.416 [error] TypeError: Cannot read properties of undefined (reading 'start')
	at t.$S.b (c:\Users\kotha\AppData\Local\Programs\Microsoft VS Code\resources\app\extensions\emmet\dist\node\emmetNodeMain.js:1:129945)
	at t.$S.provideCompletionItems (c:\Users\kotha\AppData\Local\Programs\Microsoft VS Code\resources\app\extensions\emmet\dist\node\emmetNodeMain.js:1:128540)
	at $e.provideCompletionItems (c:\Users\kotha\AppData\Local\Programs\Microsoft VS Code\resources\app\out\vs\workbench\api\node\extensionHostProcess.js:150:99164)
	at c:\Users\kotha\AppData\Local\Programs\Microsoft VS Code\resources\app\out\vs\workbench\api\node\extensionHostProcess.js:150:120900
	at pe.s (c:\Users\kotha\AppData\Local\Programs\Microsoft VS Code\resources\app\out\vs\workbench\api\node\extensionHostProcess.js:150:112365)
	at pe.$provideCompletionItems (c:\Users\kotha\AppData\Local\Programs\Microsoft VS Code\resources\app\out\vs\workbench\api\node\extensionHostProcess.js:150:120886)
	at d.S (c:\Users\kotha\AppData\Local\Programs\Microsoft VS Code\resources\app\out\vs\workbench\api\node\extensionHostProcess.js:147:5520)
	at d.Q (c:\Users\kotha\AppData\Local\Programs\Microsoft VS Code\resources\app\out\vs\workbench\api\node\extensionHostProcess.js:147:5286)
	at d.M (c:\Users\kotha\AppData\Local\Programs\Microsoft VS Code\resources\app\out\vs\workbench\api\node\extensionHostProcess.js:147:4338)
	at d.L (c:\Users\kotha\AppData\Local\Programs\Microsoft VS Code\resources\app\out\vs\workbench\api\node\extensionHostProcess.js:147:3455)
	at g.value (c:\Users\kotha\AppData\Local\Programs\Microsoft VS Code\resources\app\out\vs\workbench\api\node\extensionHostProcess.js:147:2242)
	at r.y (c:\Users\kotha\AppData\Local\Programs\Microsoft VS Code\resources\app\out\vs\workbench\api\node\extensionHostProcess.js:80:1902)
	at r.fire (c:\Users\kotha\AppData\Local\Programs\Microsoft VS Code\resources\app\out\vs\workbench\api\node\extensionHostProcess.js:80:2119)
	at n.fire (c:\Users\kotha\AppData\Local\Programs\Microsoft VS Code\resources\app\out\vs\workbench\api\node\extensionHostProcess.js:105:14073)
	at g.value (c:\Users\kotha\AppData\Local\Programs\Microsoft VS Code\resources\app\out\vs\workbench\api\node\extensionHostProcess.js:173:8051)
	at r.y (c:\Users\kotha\AppData\Local\Programs\Microsoft VS Code\resources\app\out\vs\workbench\api\node\extensionHostProcess.js:80:1902)
	at r.fire (c:\Users\kotha\AppData\Local\Programs\Microsoft VS Code\resources\app\out\vs\workbench\api\node\extensionHostProcess.js:80:2119)
	at n.fire (c:\Users\kotha\AppData\Local\Programs\Microsoft VS Code\resources\app\out\vs\workbench\api\node\extensionHostProcess.js:105:14073)
	at MessagePortMain.<anonymous> (c:\Users\kotha\AppData\Local\Programs\Microsoft VS Code\resources\app\out\vs\workbench\api\node\extensionHostProcess.js:173:6331)
	at MessagePortMain.emit (node:events:514:28)
	at Object.emit (node:electron/js2c/utility_init:2:2285)
2024-02-13 16:32:09.520 [error] [vscode.emmet] provider FAILED
2024-02-13 16:32:09.521 [error] TypeError: Cannot read properties of undefined (reading 'start')
	at t.$S.b (c:\Users\kotha\AppData\Local\Programs\Microsoft VS Code\resources\app\extensions\emmet\dist\node\emmetNodeMain.js:1:129945)
	at t.$S.provideCompletionItems (c:\Users\kotha\AppData\Local\Programs\Microsoft VS Code\resources\app\extensions\emmet\dist\node\emmetNodeMain.js:1:128540)
	at $e.provideCompletionItems (c:\Users\kotha\AppData\Local\Programs\Microsoft VS Code\resources\app\out\vs\workbench\api\node\extensionHostProcess.js:150:99164)
	at c:\Users\kotha\AppData\Local\Programs\Microsoft VS Code\resources\app\out\vs\workbench\api\node\extensionHostProcess.js:150:120900
	at pe.s (c:\Users\kotha\AppData\Local\Programs\Microsoft VS Code\resources\app\out\vs\workbench\api\node\extensionHostProcess.js:150:112365)
	at pe.$provideCompletionItems (c:\Users\kotha\AppData\Local\Programs\Microsoft VS Code\resources\app\out\vs\workbench\api\node\extensionHostProcess.js:150:120886)
	at d.S (c:\Users\kotha\AppData\Local\Programs\Microsoft VS Code\resources\app\out\vs\workbench\api\node\extensionHostProcess.js:147:5520)
	at d.Q (c:\Users\kotha\AppData\Local\Programs\Microsoft VS Code\resources\app\out\vs\workbench\api\node\extensionHostProcess.js:147:5286)
	at d.M (c:\Users\kotha\AppData\Local\Programs\Microsoft VS Code\resources\app\out\vs\workbench\api\node\extensionHostProcess.js:147:4338)
	at d.L (c:\Users\kotha\AppData\Local\Programs\Microsoft VS Code\resources\app\out\vs\workbench\api\node\extensionHostProcess.js:147:3455)
	at g.value (c:\Users\kotha\AppData\Local\Programs\Microsoft VS Code\resources\app\out\vs\workbench\api\node\extensionHostProcess.js:147:2242)
	at r.y (c:\Users\kotha\AppData\Local\Programs\Microsoft VS Code\resources\app\out\vs\workbench\api\node\extensionHostProcess.js:80:1902)
	at r.fire (c:\Users\kotha\AppData\Local\Programs\Microsoft VS Code\resources\app\out\vs\workbench\api\node\extensionHostProcess.js:80:2119)
	at n.fire (c:\Users\kotha\AppData\Local\Programs\Microsoft VS Code\resources\app\out\vs\workbench\api\node\extensionHostProcess.js:105:14073)
	at g.value (c:\Users\kotha\AppData\Local\Programs\Microsoft VS Code\resources\app\out\vs\workbench\api\node\extensionHostProcess.js:173:8051)
	at r.y (c:\Users\kotha\AppData\Local\Programs\Microsoft VS Code\resources\app\out\vs\workbench\api\node\extensionHostProcess.js:80:1902)
	at r.fire (c:\Users\kotha\AppData\Local\Programs\Microsoft VS Code\resources\app\out\vs\workbench\api\node\extensionHostProcess.js:80:2119)
	at n.fire (c:\Users\kotha\AppData\Local\Programs\Microsoft VS Code\resources\app\out\vs\workbench\api\node\extensionHostProcess.js:105:14073)
	at MessagePortMain.<anonymous> (c:\Users\kotha\AppData\Local\Programs\Microsoft VS Code\resources\app\out\vs\workbench\api\node\extensionHostProcess.js:173:6331)
	at MessagePortMain.emit (node:events:514:28)
	at Object.emit (node:electron/js2c/utility_init:2:2285)
2024-02-13 16:32:12.206 [error] [vscode.emmet] provider FAILED
2024-02-13 16:32:12.206 [error] TypeError: Cannot read properties of undefined (reading 'start')
	at t.$S.b (c:\Users\kotha\AppData\Local\Programs\Microsoft VS Code\resources\app\extensions\emmet\dist\node\emmetNodeMain.js:1:129945)
	at t.$S.provideCompletionItems (c:\Users\kotha\AppData\Local\Programs\Microsoft VS Code\resources\app\extensions\emmet\dist\node\emmetNodeMain.js:1:128540)
	at $e.provideCompletionItems (c:\Users\kotha\AppData\Local\Programs\Microsoft VS Code\resources\app\out\vs\workbench\api\node\extensionHostProcess.js:150:99164)
	at c:\Users\kotha\AppData\Local\Programs\Microsoft VS Code\resources\app\out\vs\workbench\api\node\extensionHostProcess.js:150:120900
	at pe.s (c:\Users\kotha\AppData\Local\Programs\Microsoft VS Code\resources\app\out\vs\workbench\api\node\extensionHostProcess.js:150:112365)
	at pe.$provideCompletionItems (c:\Users\kotha\AppData\Local\Programs\Microsoft VS Code\resources\app\out\vs\workbench\api\node\extensionHostProcess.js:150:120886)
	at d.S (c:\Users\kotha\AppData\Local\Programs\Microsoft VS Code\resources\app\out\vs\workbench\api\node\extensionHostProcess.js:147:5520)
	at d.Q (c:\Users\kotha\AppData\Local\Programs\Microsoft VS Code\resources\app\out\vs\workbench\api\node\extensionHostProcess.js:147:5286)
	at d.M (c:\Users\kotha\AppData\Local\Programs\Microsoft VS Code\resources\app\out\vs\workbench\api\node\extensionHostProcess.js:147:4338)
	at d.L (c:\Users\kotha\AppData\Local\Programs\Microsoft VS Code\resources\app\out\vs\workbench\api\node\extensionHostProcess.js:147:3455)
	at g.value (c:\Users\kotha\AppData\Local\Programs\Microsoft VS Code\resources\app\out\vs\workbench\api\node\extensionHostProcess.js:147:2242)
	at r.y (c:\Users\kotha\AppData\Local\Programs\Microsoft VS Code\resources\app\out\vs\workbench\api\node\extensionHostProcess.js:80:1902)
	at r.fire (c:\Users\kotha\AppData\Local\Programs\Microsoft VS Code\resources\app\out\vs\workbench\api\node\extensionHostProcess.js:80:2119)
	at n.fire (c:\Users\kotha\AppData\Local\Programs\Microsoft VS Code\resources\app\out\vs\workbench\api\node\extensionHostProcess.js:105:14073)
	at g.value (c:\Users\kotha\AppData\Local\Programs\Microsoft VS Code\resources\app\out\vs\workbench\api\node\extensionHostProcess.js:173:8051)
	at r.y (c:\Users\kotha\AppData\Local\Programs\Microsoft VS Code\resources\app\out\vs\workbench\api\node\extensionHostProcess.js:80:1902)
	at r.fire (c:\Users\kotha\AppData\Local\Programs\Microsoft VS Code\resources\app\out\vs\workbench\api\node\extensionHostProcess.js:80:2119)
	at n.fire (c:\Users\kotha\AppData\Local\Programs\Microsoft VS Code\resources\app\out\vs\workbench\api\node\extensionHostProcess.js:105:14073)
	at MessagePortMain.<anonymous> (c:\Users\kotha\AppData\Local\Programs\Microsoft VS Code\resources\app\out\vs\workbench\api\node\extensionHostProcess.js:173:6331)
	at MessagePortMain.emit (node:events:514:28)
	at Object.emit (node:electron/js2c/utility_init:2:2285)
2024-02-13 16:32:14.912 [error] [vscode.emmet] provider FAILED
2024-02-13 16:32:14.912 [error] TypeError: Cannot read properties of undefined (reading 'start')
	at t.$S.b (c:\Users\kotha\AppData\Local\Programs\Microsoft VS Code\resources\app\extensions\emmet\dist\node\emmetNodeMain.js:1:129945)
	at t.$S.provideCompletionItems (c:\Users\kotha\AppData\Local\Programs\Microsoft VS Code\resources\app\extensions\emmet\dist\node\emmetNodeMain.js:1:128540)
	at $e.provideCompletionItems (c:\Users\kotha\AppData\Local\Programs\Microsoft VS Code\resources\app\out\vs\workbench\api\node\extensionHostProcess.js:150:99164)
	at c:\Users\kotha\AppData\Local\Programs\Microsoft VS Code\resources\app\out\vs\workbench\api\node\extensionHostProcess.js:150:120900
	at pe.s (c:\Users\kotha\AppData\Local\Programs\Microsoft VS Code\resources\app\out\vs\workbench\api\node\extensionHostProcess.js:150:112365)
	at pe.$provideCompletionItems (c:\Users\kotha\AppData\Local\Programs\Microsoft VS Code\resources\app\out\vs\workbench\api\node\extensionHostProcess.js:150:120886)
	at d.S (c:\Users\kotha\AppData\Local\Programs\Microsoft VS Code\resources\app\out\vs\workbench\api\node\extensionHostProcess.js:147:5520)
	at d.Q (c:\Users\kotha\AppData\Local\Programs\Microsoft VS Code\resources\app\out\vs\workbench\api\node\extensionHostProcess.js:147:5286)
	at d.M (c:\Users\kotha\AppData\Local\Programs\Microsoft VS Code\resources\app\out\vs\workbench\api\node\extensionHostProcess.js:147:4338)
	at d.L (c:\Users\kotha\AppData\Local\Programs\Microsoft VS Code\resources\app\out\vs\workbench\api\node\extensionHostProcess.js:147:3455)
	at g.value (c:\Users\kotha\AppData\Local\Programs\Microsoft VS Code\resources\app\out\vs\workbench\api\node\extensionHostProcess.js:147:2242)
	at r.y (c:\Users\kotha\AppData\Local\Programs\Microsoft VS Code\resources\app\out\vs\workbench\api\node\extensionHostProcess.js:80:1902)
	at r.fire (c:\Users\kotha\AppData\Local\Programs\Microsoft VS Code\resources\app\out\vs\workbench\api\node\extensionHostProcess.js:80:2119)
	at n.fire (c:\Users\kotha\AppData\Local\Programs\Microsoft VS Code\resources\app\out\vs\workbench\api\node\extensionHostProcess.js:105:14073)
	at g.value (c:\Users\kotha\AppData\Local\Programs\Microsoft VS Code\resources\app\out\vs\workbench\api\node\extensionHostProcess.js:173:8051)
	at r.y (c:\Users\kotha\AppData\Local\Programs\Microsoft VS Code\resources\app\out\vs\workbench\api\node\extensionHostProcess.js:80:1902)
	at r.fire (c:\Users\kotha\AppData\Local\Programs\Microsoft VS Code\resources\app\out\vs\workbench\api\node\extensionHostProcess.js:80:2119)
	at n.fire (c:\Users\kotha\AppData\Local\Programs\Microsoft VS Code\resources\app\out\vs\workbench\api\node\extensionHostProcess.js:105:14073)
	at MessagePortMain.<anonymous> (c:\Users\kotha\AppData\Local\Programs\Microsoft VS Code\resources\app\out\vs\workbench\api\node\extensionHostProcess.js:173:6331)
	at MessagePortMain.emit (node:events:514:28)
	at Object.emit (node:electron/js2c/utility_init:2:2285)
2024-02-13 16:32:18.714 [error] [vscode.emmet] provider FAILED
2024-02-13 16:32:18.714 [error] TypeError: Cannot read properties of undefined (reading 'start')
	at t.$S.b (c:\Users\kotha\AppData\Local\Programs\Microsoft VS Code\resources\app\extensions\emmet\dist\node\emmetNodeMain.js:1:129945)
	at t.$S.provideCompletionItems (c:\Users\kotha\AppData\Local\Programs\Microsoft VS Code\resources\app\extensions\emmet\dist\node\emmetNodeMain.js:1:128540)
	at $e.provideCompletionItems (c:\Users\kotha\AppData\Local\Programs\Microsoft VS Code\resources\app\out\vs\workbench\api\node\extensionHostProcess.js:150:99164)
	at c:\Users\kotha\AppData\Local\Programs\Microsoft VS Code\resources\app\out\vs\workbench\api\node\extensionHostProcess.js:150:120900
	at pe.s (c:\Users\kotha\AppData\Local\Programs\Microsoft VS Code\resources\app\out\vs\workbench\api\node\extensionHostProcess.js:150:112365)
	at pe.$provideCompletionItems (c:\Users\kotha\AppData\Local\Programs\Microsoft VS Code\resources\app\out\vs\workbench\api\node\extensionHostProcess.js:150:120886)
	at d.S (c:\Users\kotha\AppData\Local\Programs\Microsoft VS Code\resources\app\out\vs\workbench\api\node\extensionHostProcess.js:147:5520)
	at d.Q (c:\Users\kotha\AppData\Local\Programs\Microsoft VS Code\resources\app\out\vs\workbench\api\node\extensionHostProcess.js:147:5286)
	at d.M (c:\Users\kotha\AppData\Local\Programs\Microsoft VS Code\resources\app\out\vs\workbench\api\node\extensionHostProcess.js:147:4338)
	at d.L (c:\Users\kotha\AppData\Local\Programs\Microsoft VS Code\resources\app\out\vs\workbench\api\node\extensionHostProcess.js:147:3455)
	at g.value (c:\Users\kotha\AppData\Local\Programs\Microsoft VS Code\resources\app\out\vs\workbench\api\node\extensionHostProcess.js:147:2242)
	at r.y (c:\Users\kotha\AppData\Local\Programs\Microsoft VS Code\resources\app\out\vs\workbench\api\node\extensionHostProcess.js:80:1902)
	at r.fire (c:\Users\kotha\AppData\Local\Programs\Microsoft VS Code\resources\app\out\vs\workbench\api\node\extensionHostProcess.js:80:2119)
	at n.fire (c:\Users\kotha\AppData\Local\Programs\Microsoft VS Code\resources\app\out\vs\workbench\api\node\extensionHostProcess.js:105:14073)
	at g.value (c:\Users\kotha\AppData\Local\Programs\Microsoft VS Code\resources\app\out\vs\workbench\api\node\extensionHostProcess.js:173:8051)
	at r.y (c:\Users\kotha\AppData\Local\Programs\Microsoft VS Code\resources\app\out\vs\workbench\api\node\extensionHostProcess.js:80:1902)
	at r.fire (c:\Users\kotha\AppData\Local\Programs\Microsoft VS Code\resources\app\out\vs\workbench\api\node\extensionHostProcess.js:80:2119)
	at n.fire (c:\Users\kotha\AppData\Local\Programs\Microsoft VS Code\resources\app\out\vs\workbench\api\node\extensionHostProcess.js:105:14073)
	at MessagePortMain.<anonymous> (c:\Users\kotha\AppData\Local\Programs\Microsoft VS Code\resources\app\out\vs\workbench\api\node\extensionHostProcess.js:173:6331)
	at MessagePortMain.emit (node:events:514:28)
	at Object.emit (node:electron/js2c/utility_init:2:2285)
2024-02-13 16:32:28.851 [error] [vscode.emmet] provider FAILED
2024-02-13 16:32:28.852 [error] TypeError: Cannot read properties of undefined (reading 'start')
	at t.$S.b (c:\Users\kotha\AppData\Local\Programs\Microsoft VS Code\resources\app\extensions\emmet\dist\node\emmetNodeMain.js:1:129945)
	at t.$S.provideCompletionItems (c:\Users\kotha\AppData\Local\Programs\Microsoft VS Code\resources\app\extensions\emmet\dist\node\emmetNodeMain.js:1:128540)
	at $e.provideCompletionItems (c:\Users\kotha\AppData\Local\Programs\Microsoft VS Code\resources\app\out\vs\workbench\api\node\extensionHostProcess.js:150:99164)
	at c:\Users\kotha\AppData\Local\Programs\Microsoft VS Code\resources\app\out\vs\workbench\api\node\extensionHostProcess.js:150:120900
	at pe.s (c:\Users\kotha\AppData\Local\Programs\Microsoft VS Code\resources\app\out\vs\workbench\api\node\extensionHostProcess.js:150:112365)
	at pe.$provideCompletionItems (c:\Users\kotha\AppData\Local\Programs\Microsoft VS Code\resources\app\out\vs\workbench\api\node\extensionHostProcess.js:150:120886)
	at d.S (c:\Users\kotha\AppData\Local\Programs\Microsoft VS Code\resources\app\out\vs\workbench\api\node\extensionHostProcess.js:147:5520)
	at d.Q (c:\Users\kotha\AppData\Local\Programs\Microsoft VS Code\resources\app\out\vs\workbench\api\node\extensionHostProcess.js:147:5286)
	at d.M (c:\Users\kotha\AppData\Local\Programs\Microsoft VS Code\resources\app\out\vs\workbench\api\node\extensionHostProcess.js:147:4338)
	at d.L (c:\Users\kotha\AppData\Local\Programs\Microsoft VS Code\resources\app\out\vs\workbench\api\node\extensionHostProcess.js:147:3455)
	at g.value (c:\Users\kotha\AppData\Local\Programs\Microsoft VS Code\resources\app\out\vs\workbench\api\node\extensionHostProcess.js:147:2242)
	at r.y (c:\Users\kotha\AppData\Local\Programs\Microsoft VS Code\resources\app\out\vs\workbench\api\node\extensionHostProcess.js:80:1902)
	at r.fire (c:\Users\kotha\AppData\Local\Programs\Microsoft VS Code\resources\app\out\vs\workbench\api\node\extensionHostProcess.js:80:2119)
	at n.fire (c:\Users\kotha\AppData\Local\Programs\Microsoft VS Code\resources\app\out\vs\workbench\api\node\extensionHostProcess.js:105:14073)
	at g.value (c:\Users\kotha\AppData\Local\Programs\Microsoft VS Code\resources\app\out\vs\workbench\api\node\extensionHostProcess.js:173:8051)
	at r.y (c:\Users\kotha\AppData\Local\Programs\Microsoft VS Code\resources\app\out\vs\workbench\api\node\extensionHostProcess.js:80:1902)
	at r.fire (c:\Users\kotha\AppData\Local\Programs\Microsoft VS Code\resources\app\out\vs\workbench\api\node\extensionHostProcess.js:80:2119)
	at n.fire (c:\Users\kotha\AppData\Local\Programs\Microsoft VS Code\resources\app\out\vs\workbench\api\node\extensionHostProcess.js:105:14073)
	at MessagePortMain.<anonymous> (c:\Users\kotha\AppData\Local\Programs\Microsoft VS Code\resources\app\out\vs\workbench\api\node\extensionHostProcess.js:173:6331)
	at MessagePortMain.emit (node:events:514:28)
	at Object.emit (node:electron/js2c/utility_init:2:2285)
2024-02-13 16:32:33.113 [error] [vscode.emmet] provider FAILED
2024-02-13 16:32:33.115 [error] TypeError: Cannot read properties of undefined (reading 'start')
	at t.$S.b (c:\Users\kotha\AppData\Local\Programs\Microsoft VS Code\resources\app\extensions\emmet\dist\node\emmetNodeMain.js:1:129945)
	at t.$S.provideCompletionItems (c:\Users\kotha\AppData\Local\Programs\Microsoft VS Code\resources\app\extensions\emmet\dist\node\emmetNodeMain.js:1:128540)
	at $e.provideCompletionItems (c:\Users\kotha\AppData\Local\Programs\Microsoft VS Code\resources\app\out\vs\workbench\api\node\extensionHostProcess.js:150:99164)
	at c:\Users\kotha\AppData\Local\Programs\Microsoft VS Code\resources\app\out\vs\workbench\api\node\extensionHostProcess.js:150:120900
	at pe.s (c:\Users\kotha\AppData\Local\Programs\Microsoft VS Code\resources\app\out\vs\workbench\api\node\extensionHostProcess.js:150:112365)
	at pe.$provideCompletionItems (c:\Users\kotha\AppData\Local\Programs\Microsoft VS Code\resources\app\out\vs\workbench\api\node\extensionHostProcess.js:150:120886)
	at d.S (c:\Users\kotha\AppData\Local\Programs\Microsoft VS Code\resources\app\out\vs\workbench\api\node\extensionHostProcess.js:147:5520)
	at d.Q (c:\Users\kotha\AppData\Local\Programs\Microsoft VS Code\resources\app\out\vs\workbench\api\node\extensionHostProcess.js:147:5286)
	at d.M (c:\Users\kotha\AppData\Local\Programs\Microsoft VS Code\resources\app\out\vs\workbench\api\node\extensionHostProcess.js:147:4338)
	at d.L (c:\Users\kotha\AppData\Local\Programs\Microsoft VS Code\resources\app\out\vs\workbench\api\node\extensionHostProcess.js:147:3455)
	at g.value (c:\Users\kotha\AppData\Local\Programs\Microsoft VS Code\resources\app\out\vs\workbench\api\node\extensionHostProcess.js:147:2242)
	at r.y (c:\Users\kotha\AppData\Local\Programs\Microsoft VS Code\resources\app\out\vs\workbench\api\node\extensionHostProcess.js:80:1902)
	at r.fire (c:\Users\kotha\AppData\Local\Programs\Microsoft VS Code\resources\app\out\vs\workbench\api\node\extensionHostProcess.js:80:2119)
	at n.fire (c:\Users\kotha\AppData\Local\Programs\Microsoft VS Code\resources\app\out\vs\workbench\api\node\extensionHostProcess.js:105:14073)
	at g.value (c:\Users\kotha\AppData\Local\Programs\Microsoft VS Code\resources\app\out\vs\workbench\api\node\extensionHostProcess.js:173:8051)
	at r.y (c:\Users\kotha\AppData\Local\Programs\Microsoft VS Code\resources\app\out\vs\workbench\api\node\extensionHostProcess.js:80:1902)
	at r.fire (c:\Users\kotha\AppData\Local\Programs\Microsoft VS Code\resources\app\out\vs\workbench\api\node\extensionHostProcess.js:80:2119)
	at n.fire (c:\Users\kotha\AppData\Local\Programs\Microsoft VS Code\resources\app\out\vs\workbench\api\node\extensionHostProcess.js:105:14073)
	at MessagePortMain.<anonymous> (c:\Users\kotha\AppData\Local\Programs\Microsoft VS Code\resources\app\out\vs\workbench\api\node\extensionHostProcess.js:173:6331)
	at MessagePortMain.emit (node:events:514:28)
	at Object.emit (node:electron/js2c/utility_init:2:2285)
2024-02-14 10:20:45.407 [error] [ms-python.python] provider FAILED
2024-02-14 10:20:45.408 [error] TypeError: Cannot read properties of undefined (reading 'data')
	at c:\Users\kotha\.vscode\extensions\ms-python.vscode-pylance-2024.2.1\dist\extension.bundle.js:1:82910
	at _0x44463a (c:\Users\kotha\.vscode\extensions\ms-python.vscode-pylance-2024.2.1\dist\extension.bundle.js:1:96277)
	at async $e.provideCompletionItems (c:\Users\kotha\AppData\Local\Programs\Microsoft VS Code\resources\app\out\vs\workbench\api\node\extensionHostProcess.js:150:99151)
2024-02-14 11:11:43.571 [info] Extension host terminating: renderer closed the MessagePort
2024-02-14 11:11:43.722 [info] Extension host with pid 17248 exiting with code 0
