2024-02-16 10:45:40.129 [info] Extension host with pid 1780 started
2024-02-16 10:45:40.129 [info] Skipping acquiring lock for c:\Users\kotha\AppData\Roaming\Code\User\workspaceStorage\87a2401b16662ab5867a97cde5d7fcf0.
2024-02-16 10:45:40.170 [info] ExtensionService#_doActivateExtension vscode.emmet, startup: false, activationEvent: 'onLanguage'
2024-02-16 10:45:40.288 [info] ExtensionService#_doActivateExtension vscode.html-language-features, startup: false, activationEvent: 'onLanguage:html'
2024-02-16 10:45:41.162 [info] ExtensionService#_doActivateExtension vscode.git-base, startup: true, activationEvent: '*', root cause: vscode.git
2024-02-16 10:45:41.249 [info] ExtensionService#_doActivateExtension vscode.git, startup: true, activationEvent: '*'
2024-02-16 10:45:41.311 [info] ExtensionService#_doActivateExtension vscode.github, startup: true, activationEvent: '*'
2024-02-16 10:45:42.625 [info] Eager extensions activated
2024-02-16 10:45:42.672 [info] ExtensionService#_doActivateExtension vscode.debug-auto-launch, startup: false, activationEvent: 'onStartupFinished'
2024-02-16 10:45:42.719 [info] ExtensionService#_doActivateExtension vscode.merge-conflict, startup: false, activationEvent: 'onStartupFinished'
2024-02-16 10:45:42.769 [info] ExtensionService#_doActivateExtension formulahendry.code-runner, startup: false, activationEvent: 'onStartupFinished'
2024-02-16 10:45:43.068 [info] ExtensionService#_doActivateExtension ritwickdey.LiveServer, startup: false, activationEvent: 'onStartupFinished'
2024-02-16 10:45:43.137 [info] ExtensionService#_doActivateExtension vadimcn.vscode-lldb, startup: false, activationEvent: 'onStartupFinished'
2024-02-16 10:46:04.624 [info] Extension host terminating: renderer closed the MessagePort
2024-02-16 10:46:04.661 [error] Canceled: Canceled
	at new f (c:\Users\kotha\AppData\Local\Programs\Microsoft VS Code\resources\app\out\vs\workbench\api\node\extensionHostProcess.js:140:45069)
	at d.U (c:\Users\kotha\AppData\Local\Programs\Microsoft VS Code\resources\app\out\vs\workbench\api\node\extensionHostProcess.js:147:5557)
	at T.<computed>.O.charCodeAt.T.<computed> (c:\Users\kotha\AppData\Local\Programs\Microsoft VS Code\resources\app\out\vs\workbench\api\node\extensionHostProcess.js:147:3008)
	at s.g (c:\Users\kotha\AppData\Local\Programs\Microsoft VS Code\resources\app\out\vs\workbench\api\node\extensionHostProcess.js:150:174704)
	at s.executeCommand (c:\Users\kotha\AppData\Local\Programs\Microsoft VS Code\resources\app\out\vs\workbench\api\node\extensionHostProcess.js:150:174142)
	at m.registerCommand.description (c:\Users\kotha\AppData\Local\Programs\Microsoft VS Code\resources\app\out\vs\workbench\api\node\extensionHostProcess.js:150:173466)
	at s.h (c:\Users\kotha\AppData\Local\Programs\Microsoft VS Code\resources\app\out\vs\workbench\api\node\extensionHostProcess.js:150:175243)
	at s.g (c:\Users\kotha\AppData\Local\Programs\Microsoft VS Code\resources\app\out\vs\workbench\api\node\extensionHostProcess.js:150:174235)
	at s.executeCommand (c:\Users\kotha\AppData\Local\Programs\Microsoft VS Code\resources\app\out\vs\workbench\api\node\extensionHostProcess.js:150:174142)
	at Object.executeCommand (c:\Users\kotha\AppData\Local\Programs\Microsoft VS Code\resources\app\out\vs\workbench\api\node\extensionHostProcess.js:160:21634)
	at g.I [as value] (c:\Users\kotha\AppData\Local\Programs\Microsoft VS Code\resources\app\extensions\git\dist\main.js:2:927298)
	at r.y (c:\Users\kotha\AppData\Local\Programs\Microsoft VS Code\resources\app\out\vs\workbench\api\node\extensionHostProcess.js:80:1902)
	at r.z (c:\Users\kotha\AppData\Local\Programs\Microsoft VS Code\resources\app\out\vs\workbench\api\node\extensionHostProcess.js:80:1972)
	at r.fire (c:\Users\kotha\AppData\Local\Programs\Microsoft VS Code\resources\app\out\vs\workbench\api\node\extensionHostProcess.js:80:2188)
	at Object.m [as dispose] (c:\Users\kotha\AppData\Local\Programs\Microsoft VS Code\resources\app\extensions\git\dist\main.js:2:943089)
	at c:\Users\kotha\AppData\Local\Programs\Microsoft VS Code\resources\app\extensions\git\dist\main.js:2:947930
	at Array.forEach (<anonymous>)
	at p.dispose (c:\Users\kotha\AppData\Local\Programs\Microsoft VS Code\resources\app\extensions\git\dist\main.js:2:947916)
	at c.<anonymous> (c:\Users\kotha\AppData\Local\Programs\Microsoft VS Code\resources\app\out\vs\workbench\api\node\extensionHostProcess.js:148:3650)
	at c.dispose (c:\Users\kotha\AppData\Local\Programs\Microsoft VS Code\resources\app\out\vs\workbench\api\node\extensionHostProcess.js:148:3747)
	at c.<anonymous> (c:\Users\kotha\AppData\Local\Programs\Microsoft VS Code\resources\app\extensions\git\dist\main.js:2:929310)
	at c.dispose (c:\Users\kotha\AppData\Local\Programs\Microsoft VS Code\resources\app\out\vs\workbench\api\node\extensionHostProcess.js:148:3747)
	at o (c:\Users\kotha\AppData\Local\Programs\Microsoft VS Code\resources\app\out\vs\workbench\api\node\extensionHostProcess.js:30:754)
	at g.cb (c:\Users\kotha\AppData\Local\Programs\Microsoft VS Code\resources\app\out\vs\workbench\api\node\extensionHostProcess.js:156:9874)
	at c:\Users\kotha\AppData\Local\Programs\Microsoft VS Code\resources\app\out\vs\workbench\api\node\extensionHostProcess.js:156:7808
	at Array.map (<anonymous>)
	at g.Y (c:\Users\kotha\AppData\Local\Programs\Microsoft VS Code\resources\app\out\vs\workbench\api\node\extensionHostProcess.js:156:7795)
	at g.terminate (c:\Users\kotha\AppData\Local\Programs\Microsoft VS Code\resources\app\out\vs\workbench\api\node\extensionHostProcess.js:156:8068)
	at o.terminate (c:\Users\kotha\AppData\Local\Programs\Microsoft VS Code\resources\app\out\vs\workbench\api\node\extensionHostProcess.js:160:1513)
	at t (c:\Users\kotha\AppData\Local\Programs\Microsoft VS Code\resources\app\out\vs\workbench\api\node\extensionHostProcess.js:173:9950)
	at MessagePortMain.<anonymous> (c:\Users\kotha\AppData\Local\Programs\Microsoft VS Code\resources\app\out\vs\workbench\api\node\extensionHostProcess.js:173:6375)
	at MessagePortMain.emit (node:events:514:28)
	at Object.emit (node:electron/js2c/utility_init:2:2285) setContext undefined
2024-02-16 10:46:04.662 [error] Canceled: Canceled
	at new f (c:\Users\kotha\AppData\Local\Programs\Microsoft VS Code\resources\app\out\vs\workbench\api\node\extensionHostProcess.js:140:45069)
	at d.U (c:\Users\kotha\AppData\Local\Programs\Microsoft VS Code\resources\app\out\vs\workbench\api\node\extensionHostProcess.js:147:5557)
	at T.<computed>.O.charCodeAt.T.<computed> (c:\Users\kotha\AppData\Local\Programs\Microsoft VS Code\resources\app\out\vs\workbench\api\node\extensionHostProcess.js:147:3008)
	at s.g (c:\Users\kotha\AppData\Local\Programs\Microsoft VS Code\resources\app\out\vs\workbench\api\node\extensionHostProcess.js:150:174704)
	at s.executeCommand (c:\Users\kotha\AppData\Local\Programs\Microsoft VS Code\resources\app\out\vs\workbench\api\node\extensionHostProcess.js:150:174142)
	at m.registerCommand.description (c:\Users\kotha\AppData\Local\Programs\Microsoft VS Code\resources\app\out\vs\workbench\api\node\extensionHostProcess.js:150:173466)
	at s.h (c:\Users\kotha\AppData\Local\Programs\Microsoft VS Code\resources\app\out\vs\workbench\api\node\extensionHostProcess.js:150:175243)
	at s.g (c:\Users\kotha\AppData\Local\Programs\Microsoft VS Code\resources\app\out\vs\workbench\api\node\extensionHostProcess.js:150:174235)
	at s.executeCommand (c:\Users\kotha\AppData\Local\Programs\Microsoft VS Code\resources\app\out\vs\workbench\api\node\extensionHostProcess.js:150:174142)
	at Object.executeCommand (c:\Users\kotha\AppData\Local\Programs\Microsoft VS Code\resources\app\out\vs\workbench\api\node\extensionHostProcess.js:160:21634)
	at set b [as b] (c:\Users\kotha\AppData\Local\Programs\Microsoft VS Code\resources\app\extensions\github\dist\extension.js:2:322364)
	at c:\Users\kotha\AppData\Local\Programs\Microsoft VS Code\resources\app\extensions\github\dist\extension.js:2:323005
	at g.value (c:\Users\kotha\AppData\Local\Programs\Microsoft VS Code\resources\app\extensions\git\dist\main.js:2:1018251)
	at r.y (c:\Users\kotha\AppData\Local\Programs\Microsoft VS Code\resources\app\out\vs\workbench\api\node\extensionHostProcess.js:80:1902)
	at r.z (c:\Users\kotha\AppData\Local\Programs\Microsoft VS Code\resources\app\out\vs\workbench\api\node\extensionHostProcess.js:80:1972)
	at r.fire (c:\Users\kotha\AppData\Local\Programs\Microsoft VS Code\resources\app\out\vs\workbench\api\node\extensionHostProcess.js:80:2188)
	at Object.m [as dispose] (c:\Users\kotha\AppData\Local\Programs\Microsoft VS Code\resources\app\extensions\git\dist\main.js:2:943089)
	at c:\Users\kotha\AppData\Local\Programs\Microsoft VS Code\resources\app\extensions\git\dist\main.js:2:947930
	at Array.forEach (<anonymous>)
	at p.dispose (c:\Users\kotha\AppData\Local\Programs\Microsoft VS Code\resources\app\extensions\git\dist\main.js:2:947916)
	at c.<anonymous> (c:\Users\kotha\AppData\Local\Programs\Microsoft VS Code\resources\app\out\vs\workbench\api\node\extensionHostProcess.js:148:3650)
	at c.dispose (c:\Users\kotha\AppData\Local\Programs\Microsoft VS Code\resources\app\out\vs\workbench\api\node\extensionHostProcess.js:148:3747)
	at c.<anonymous> (c:\Users\kotha\AppData\Local\Programs\Microsoft VS Code\resources\app\extensions\git\dist\main.js:2:929310)
	at c.dispose (c:\Users\kotha\AppData\Local\Programs\Microsoft VS Code\resources\app\out\vs\workbench\api\node\extensionHostProcess.js:148:3747)
	at o (c:\Users\kotha\AppData\Local\Programs\Microsoft VS Code\resources\app\out\vs\workbench\api\node\extensionHostProcess.js:30:754)
	at g.cb (c:\Users\kotha\AppData\Local\Programs\Microsoft VS Code\resources\app\out\vs\workbench\api\node\extensionHostProcess.js:156:9874)
	at c:\Users\kotha\AppData\Local\Programs\Microsoft VS Code\resources\app\out\vs\workbench\api\node\extensionHostProcess.js:156:7808
	at Array.map (<anonymous>)
	at g.Y (c:\Users\kotha\AppData\Local\Programs\Microsoft VS Code\resources\app\out\vs\workbench\api\node\extensionHostProcess.js:156:7795)
	at g.terminate (c:\Users\kotha\AppData\Local\Programs\Microsoft VS Code\resources\app\out\vs\workbench\api\node\extensionHostProcess.js:156:8068)
	at o.terminate (c:\Users\kotha\AppData\Local\Programs\Microsoft VS Code\resources\app\out\vs\workbench\api\node\extensionHostProcess.js:160:1513)
	at t (c:\Users\kotha\AppData\Local\Programs\Microsoft VS Code\resources\app\out\vs\workbench\api\node\extensionHostProcess.js:173:9950)
	at MessagePortMain.<anonymous> (c:\Users\kotha\AppData\Local\Programs\Microsoft VS Code\resources\app\out\vs\workbench\api\node\extensionHostProcess.js:173:6375)
	at MessagePortMain.emit (node:events:514:28)
	at Object.emit (node:electron/js2c/utility_init:2:2285) setContext undefined
2024-02-16 10:46:04.710 [info] Extension host with pid 1780 exiting with code 0
2024-02-16 10:46:07.615 [info] Extension host with pid 5608 started
2024-02-16 10:46:07.615 [info] Skipping acquiring lock for c:\Users\kotha\AppData\Roaming\Code\User\workspaceStorage\1027b7063067e9287c6d3ed7ea6fe9c7.
2024-02-16 10:46:07.626 [info] ExtensionService#_doActivateExtension vscode.emmet, startup: false, activationEvent: 'onLanguage'
2024-02-16 10:46:07.676 [info] ExtensionService#_doActivateExtension ms-python.debugpy, startup: false, activationEvent: 'onLanguage:python'
2024-02-16 10:46:07.959 [info] ExtensionService#_doActivateExtension ms-python.python, startup: false, activationEvent: 'onLanguage:python'
2024-02-16 10:46:08.210 [info] ExtensionService#_doActivateExtension oracle-labs-graalvm.graalvm, startup: false, activationEvent: 'onLanguage:python'
2024-02-16 10:46:08.379 [info] ExtensionService#_doActivateExtension VisualStudioExptTeam.intellicode-api-usage-examples, startup: false, activationEvent: 'onLanguage:python'
2024-02-16 10:46:08.828 [info] ExtensionService#_doActivateExtension VisualStudioExptTeam.vscodeintellicode, startup: false, activationEvent: 'onLanguage:python'
2024-02-16 10:46:09.367 [info] ExtensionService#_doActivateExtension vscode.git-base, startup: true, activationEvent: '*', root cause: vscode.git
2024-02-16 10:46:10.225 [info] ExtensionService#_doActivateExtension vscode.git, startup: true, activationEvent: '*'
2024-02-16 10:46:10.253 [info] ExtensionService#_doActivateExtension vscode.github, startup: true, activationEvent: '*'
2024-02-16 10:46:10.980 [info] ExtensionService#_doActivateExtension ms-python.vscode-pylance, startup: false, activationEvent: 'onLanguage:python'
2024-02-16 10:46:14.295 [info] Eager extensions activated
2024-02-16 10:46:14.310 [info] ExtensionService#_doActivateExtension vscode.debug-auto-launch, startup: false, activationEvent: 'onStartupFinished'
2024-02-16 10:46:14.313 [info] ExtensionService#_doActivateExtension vscode.merge-conflict, startup: false, activationEvent: 'onStartupFinished'
2024-02-16 10:46:14.339 [info] ExtensionService#_doActivateExtension formulahendry.code-runner, startup: false, activationEvent: 'onStartupFinished'
2024-02-16 10:46:14.489 [info] ExtensionService#_doActivateExtension ritwickdey.LiveServer, startup: false, activationEvent: 'onStartupFinished'
2024-02-16 10:46:14.614 [info] ExtensionService#_doActivateExtension vadimcn.vscode-lldb, startup: false, activationEvent: 'onStartupFinished'
2024-02-16 10:46:14.628 [info] ExtensionService#_doActivateExtension vscode.json-language-features, startup: false, activationEvent: 'onLanguage:jsonc'
2024-02-16 10:46:14.746 [info] ExtensionService#_doActivateExtension vscode.typescript-language-features, startup: false, activationEvent: 'onLanguage:jsonc'
2024-02-16 10:53:15.776 [info] ExtensionService#_doActivateExtension vscode.html-language-features, startup: false, activationEvent: 'onLanguage:html'
2024-02-16 10:56:31.444 [error] [vscode.emmet] provider FAILED
2024-02-16 10:56:31.445 [error] TypeError: Cannot read properties of undefined (reading 'start')
	at t.$S.b (c:\Users\kotha\AppData\Local\Programs\Microsoft VS Code\resources\app\extensions\emmet\dist\node\emmetNodeMain.js:1:129945)
	at t.$S.provideCompletionItems (c:\Users\kotha\AppData\Local\Programs\Microsoft VS Code\resources\app\extensions\emmet\dist\node\emmetNodeMain.js:1:128540)
	at $e.provideCompletionItems (c:\Users\kotha\AppData\Local\Programs\Microsoft VS Code\resources\app\out\vs\workbench\api\node\extensionHostProcess.js:150:99164)
	at c:\Users\kotha\AppData\Local\Programs\Microsoft VS Code\resources\app\out\vs\workbench\api\node\extensionHostProcess.js:150:120900
	at pe.s (c:\Users\kotha\AppData\Local\Programs\Microsoft VS Code\resources\app\out\vs\workbench\api\node\extensionHostProcess.js:150:112365)
	at pe.$provideCompletionItems (c:\Users\kotha\AppData\Local\Programs\Microsoft VS Code\resources\app\out\vs\workbench\api\node\extensionHostProcess.js:150:120886)
	at d.S (c:\Users\kotha\AppData\Local\Programs\Microsoft VS Code\resources\app\out\vs\workbench\api\node\extensionHostProcess.js:147:5520)
	at d.Q (c:\Users\kotha\AppData\Local\Programs\Microsoft VS Code\resources\app\out\vs\workbench\api\node\extensionHostProcess.js:147:5286)
	at d.M (c:\Users\kotha\AppData\Local\Programs\Microsoft VS Code\resources\app\out\vs\workbench\api\node\extensionHostProcess.js:147:4338)
	at d.L (c:\Users\kotha\AppData\Local\Programs\Microsoft VS Code\resources\app\out\vs\workbench\api\node\extensionHostProcess.js:147:3455)
	at g.value (c:\Users\kotha\AppData\Local\Programs\Microsoft VS Code\resources\app\out\vs\workbench\api\node\extensionHostProcess.js:147:2242)
	at r.y (c:\Users\kotha\AppData\Local\Programs\Microsoft VS Code\resources\app\out\vs\workbench\api\node\extensionHostProcess.js:80:1902)
	at r.fire (c:\Users\kotha\AppData\Local\Programs\Microsoft VS Code\resources\app\out\vs\workbench\api\node\extensionHostProcess.js:80:2119)
	at n.fire (c:\Users\kotha\AppData\Local\Programs\Microsoft VS Code\resources\app\out\vs\workbench\api\node\extensionHostProcess.js:105:14073)
	at g.value (c:\Users\kotha\AppData\Local\Programs\Microsoft VS Code\resources\app\out\vs\workbench\api\node\extensionHostProcess.js:173:8051)
	at r.y (c:\Users\kotha\AppData\Local\Programs\Microsoft VS Code\resources\app\out\vs\workbench\api\node\extensionHostProcess.js:80:1902)
	at r.fire (c:\Users\kotha\AppData\Local\Programs\Microsoft VS Code\resources\app\out\vs\workbench\api\node\extensionHostProcess.js:80:2119)
	at n.fire (c:\Users\kotha\AppData\Local\Programs\Microsoft VS Code\resources\app\out\vs\workbench\api\node\extensionHostProcess.js:105:14073)
	at MessagePortMain.<anonymous> (c:\Users\kotha\AppData\Local\Programs\Microsoft VS Code\resources\app\out\vs\workbench\api\node\extensionHostProcess.js:173:6331)
	at MessagePortMain.emit (node:events:514:28)
	at Object.emit (node:electron/js2c/utility_init:2:2285)
2024-02-16 10:56:31.658 [error] [vscode.emmet] provider FAILED
2024-02-16 10:56:31.658 [error] TypeError: Cannot read properties of undefined (reading 'start')
	at t.$S.b (c:\Users\kotha\AppData\Local\Programs\Microsoft VS Code\resources\app\extensions\emmet\dist\node\emmetNodeMain.js:1:129945)
	at t.$S.provideCompletionItems (c:\Users\kotha\AppData\Local\Programs\Microsoft VS Code\resources\app\extensions\emmet\dist\node\emmetNodeMain.js:1:128540)
	at $e.provideCompletionItems (c:\Users\kotha\AppData\Local\Programs\Microsoft VS Code\resources\app\out\vs\workbench\api\node\extensionHostProcess.js:150:99164)
	at c:\Users\kotha\AppData\Local\Programs\Microsoft VS Code\resources\app\out\vs\workbench\api\node\extensionHostProcess.js:150:120900
	at pe.s (c:\Users\kotha\AppData\Local\Programs\Microsoft VS Code\resources\app\out\vs\workbench\api\node\extensionHostProcess.js:150:112365)
	at pe.$provideCompletionItems (c:\Users\kotha\AppData\Local\Programs\Microsoft VS Code\resources\app\out\vs\workbench\api\node\extensionHostProcess.js:150:120886)
	at d.S (c:\Users\kotha\AppData\Local\Programs\Microsoft VS Code\resources\app\out\vs\workbench\api\node\extensionHostProcess.js:147:5520)
	at d.Q (c:\Users\kotha\AppData\Local\Programs\Microsoft VS Code\resources\app\out\vs\workbench\api\node\extensionHostProcess.js:147:5286)
	at d.M (c:\Users\kotha\AppData\Local\Programs\Microsoft VS Code\resources\app\out\vs\workbench\api\node\extensionHostProcess.js:147:4338)
	at d.L (c:\Users\kotha\AppData\Local\Programs\Microsoft VS Code\resources\app\out\vs\workbench\api\node\extensionHostProcess.js:147:3455)
	at g.value (c:\Users\kotha\AppData\Local\Programs\Microsoft VS Code\resources\app\out\vs\workbench\api\node\extensionHostProcess.js:147:2242)
	at r.y (c:\Users\kotha\AppData\Local\Programs\Microsoft VS Code\resources\app\out\vs\workbench\api\node\extensionHostProcess.js:80:1902)
	at r.fire (c:\Users\kotha\AppData\Local\Programs\Microsoft VS Code\resources\app\out\vs\workbench\api\node\extensionHostProcess.js:80:2119)
	at n.fire (c:\Users\kotha\AppData\Local\Programs\Microsoft VS Code\resources\app\out\vs\workbench\api\node\extensionHostProcess.js:105:14073)
	at g.value (c:\Users\kotha\AppData\Local\Programs\Microsoft VS Code\resources\app\out\vs\workbench\api\node\extensionHostProcess.js:173:8051)
	at r.y (c:\Users\kotha\AppData\Local\Programs\Microsoft VS Code\resources\app\out\vs\workbench\api\node\extensionHostProcess.js:80:1902)
	at r.fire (c:\Users\kotha\AppData\Local\Programs\Microsoft VS Code\resources\app\out\vs\workbench\api\node\extensionHostProcess.js:80:2119)
	at n.fire (c:\Users\kotha\AppData\Local\Programs\Microsoft VS Code\resources\app\out\vs\workbench\api\node\extensionHostProcess.js:105:14073)
	at MessagePortMain.<anonymous> (c:\Users\kotha\AppData\Local\Programs\Microsoft VS Code\resources\app\out\vs\workbench\api\node\extensionHostProcess.js:173:6331)
	at MessagePortMain.emit (node:events:514:28)
	at Object.emit (node:electron/js2c/utility_init:2:2285)
2024-02-16 10:56:31.910 [error] [vscode.emmet] provider FAILED
2024-02-16 10:56:31.910 [error] TypeError: Cannot read properties of undefined (reading 'start')
	at t.$S.b (c:\Users\kotha\AppData\Local\Programs\Microsoft VS Code\resources\app\extensions\emmet\dist\node\emmetNodeMain.js:1:129945)
	at t.$S.provideCompletionItems (c:\Users\kotha\AppData\Local\Programs\Microsoft VS Code\resources\app\extensions\emmet\dist\node\emmetNodeMain.js:1:128540)
	at $e.provideCompletionItems (c:\Users\kotha\AppData\Local\Programs\Microsoft VS Code\resources\app\out\vs\workbench\api\node\extensionHostProcess.js:150:99164)
	at c:\Users\kotha\AppData\Local\Programs\Microsoft VS Code\resources\app\out\vs\workbench\api\node\extensionHostProcess.js:150:120900
	at pe.s (c:\Users\kotha\AppData\Local\Programs\Microsoft VS Code\resources\app\out\vs\workbench\api\node\extensionHostProcess.js:150:112365)
	at pe.$provideCompletionItems (c:\Users\kotha\AppData\Local\Programs\Microsoft VS Code\resources\app\out\vs\workbench\api\node\extensionHostProcess.js:150:120886)
	at d.S (c:\Users\kotha\AppData\Local\Programs\Microsoft VS Code\resources\app\out\vs\workbench\api\node\extensionHostProcess.js:147:5520)
	at d.Q (c:\Users\kotha\AppData\Local\Programs\Microsoft VS Code\resources\app\out\vs\workbench\api\node\extensionHostProcess.js:147:5286)
	at d.M (c:\Users\kotha\AppData\Local\Programs\Microsoft VS Code\resources\app\out\vs\workbench\api\node\extensionHostProcess.js:147:4338)
	at d.L (c:\Users\kotha\AppData\Local\Programs\Microsoft VS Code\resources\app\out\vs\workbench\api\node\extensionHostProcess.js:147:3455)
	at g.value (c:\Users\kotha\AppData\Local\Programs\Microsoft VS Code\resources\app\out\vs\workbench\api\node\extensionHostProcess.js:147:2242)
	at r.y (c:\Users\kotha\AppData\Local\Programs\Microsoft VS Code\resources\app\out\vs\workbench\api\node\extensionHostProcess.js:80:1902)
	at r.fire (c:\Users\kotha\AppData\Local\Programs\Microsoft VS Code\resources\app\out\vs\workbench\api\node\extensionHostProcess.js:80:2119)
	at n.fire (c:\Users\kotha\AppData\Local\Programs\Microsoft VS Code\resources\app\out\vs\workbench\api\node\extensionHostProcess.js:105:14073)
	at g.value (c:\Users\kotha\AppData\Local\Programs\Microsoft VS Code\resources\app\out\vs\workbench\api\node\extensionHostProcess.js:173:8051)
	at r.y (c:\Users\kotha\AppData\Local\Programs\Microsoft VS Code\resources\app\out\vs\workbench\api\node\extensionHostProcess.js:80:1902)
	at r.fire (c:\Users\kotha\AppData\Local\Programs\Microsoft VS Code\resources\app\out\vs\workbench\api\node\extensionHostProcess.js:80:2119)
	at n.fire (c:\Users\kotha\AppData\Local\Programs\Microsoft VS Code\resources\app\out\vs\workbench\api\node\extensionHostProcess.js:105:14073)
	at MessagePortMain.<anonymous> (c:\Users\kotha\AppData\Local\Programs\Microsoft VS Code\resources\app\out\vs\workbench\api\node\extensionHostProcess.js:173:6331)
	at MessagePortMain.emit (node:events:514:28)
	at Object.emit (node:electron/js2c/utility_init:2:2285)
2024-02-16 10:56:32.332 [error] [vscode.emmet] provider FAILED
2024-02-16 10:56:32.332 [error] TypeError: Cannot read properties of undefined (reading 'start')
	at t.$S.b (c:\Users\kotha\AppData\Local\Programs\Microsoft VS Code\resources\app\extensions\emmet\dist\node\emmetNodeMain.js:1:129945)
	at t.$S.provideCompletionItems (c:\Users\kotha\AppData\Local\Programs\Microsoft VS Code\resources\app\extensions\emmet\dist\node\emmetNodeMain.js:1:128540)
	at $e.provideCompletionItems (c:\Users\kotha\AppData\Local\Programs\Microsoft VS Code\resources\app\out\vs\workbench\api\node\extensionHostProcess.js:150:99164)
	at c:\Users\kotha\AppData\Local\Programs\Microsoft VS Code\resources\app\out\vs\workbench\api\node\extensionHostProcess.js:150:120900
	at pe.s (c:\Users\kotha\AppData\Local\Programs\Microsoft VS Code\resources\app\out\vs\workbench\api\node\extensionHostProcess.js:150:112365)
	at pe.$provideCompletionItems (c:\Users\kotha\AppData\Local\Programs\Microsoft VS Code\resources\app\out\vs\workbench\api\node\extensionHostProcess.js:150:120886)
	at d.S (c:\Users\kotha\AppData\Local\Programs\Microsoft VS Code\resources\app\out\vs\workbench\api\node\extensionHostProcess.js:147:5520)
	at d.Q (c:\Users\kotha\AppData\Local\Programs\Microsoft VS Code\resources\app\out\vs\workbench\api\node\extensionHostProcess.js:147:5286)
	at d.M (c:\Users\kotha\AppData\Local\Programs\Microsoft VS Code\resources\app\out\vs\workbench\api\node\extensionHostProcess.js:147:4338)
	at d.L (c:\Users\kotha\AppData\Local\Programs\Microsoft VS Code\resources\app\out\vs\workbench\api\node\extensionHostProcess.js:147:3455)
	at g.value (c:\Users\kotha\AppData\Local\Programs\Microsoft VS Code\resources\app\out\vs\workbench\api\node\extensionHostProcess.js:147:2242)
	at r.y (c:\Users\kotha\AppData\Local\Programs\Microsoft VS Code\resources\app\out\vs\workbench\api\node\extensionHostProcess.js:80:1902)
	at r.fire (c:\Users\kotha\AppData\Local\Programs\Microsoft VS Code\resources\app\out\vs\workbench\api\node\extensionHostProcess.js:80:2119)
	at n.fire (c:\Users\kotha\AppData\Local\Programs\Microsoft VS Code\resources\app\out\vs\workbench\api\node\extensionHostProcess.js:105:14073)
	at g.value (c:\Users\kotha\AppData\Local\Programs\Microsoft VS Code\resources\app\out\vs\workbench\api\node\extensionHostProcess.js:173:8051)
	at r.y (c:\Users\kotha\AppData\Local\Programs\Microsoft VS Code\resources\app\out\vs\workbench\api\node\extensionHostProcess.js:80:1902)
	at r.fire (c:\Users\kotha\AppData\Local\Programs\Microsoft VS Code\resources\app\out\vs\workbench\api\node\extensionHostProcess.js:80:2119)
	at n.fire (c:\Users\kotha\AppData\Local\Programs\Microsoft VS Code\resources\app\out\vs\workbench\api\node\extensionHostProcess.js:105:14073)
	at MessagePortMain.<anonymous> (c:\Users\kotha\AppData\Local\Programs\Microsoft VS Code\resources\app\out\vs\workbench\api\node\extensionHostProcess.js:173:6331)
	at MessagePortMain.emit (node:events:514:28)
	at Object.emit (node:electron/js2c/utility_init:2:2285)
2024-02-16 10:56:32.535 [error] [vscode.emmet] provider FAILED
2024-02-16 10:56:32.535 [error] TypeError: Cannot read properties of undefined (reading 'start')
	at t.$S.b (c:\Users\kotha\AppData\Local\Programs\Microsoft VS Code\resources\app\extensions\emmet\dist\node\emmetNodeMain.js:1:129945)
	at t.$S.provideCompletionItems (c:\Users\kotha\AppData\Local\Programs\Microsoft VS Code\resources\app\extensions\emmet\dist\node\emmetNodeMain.js:1:128540)
	at $e.provideCompletionItems (c:\Users\kotha\AppData\Local\Programs\Microsoft VS Code\resources\app\out\vs\workbench\api\node\extensionHostProcess.js:150:99164)
	at c:\Users\kotha\AppData\Local\Programs\Microsoft VS Code\resources\app\out\vs\workbench\api\node\extensionHostProcess.js:150:120900
	at pe.s (c:\Users\kotha\AppData\Local\Programs\Microsoft VS Code\resources\app\out\vs\workbench\api\node\extensionHostProcess.js:150:112365)
	at pe.$provideCompletionItems (c:\Users\kotha\AppData\Local\Programs\Microsoft VS Code\resources\app\out\vs\workbench\api\node\extensionHostProcess.js:150:120886)
	at d.S (c:\Users\kotha\AppData\Local\Programs\Microsoft VS Code\resources\app\out\vs\workbench\api\node\extensionHostProcess.js:147:5520)
	at d.Q (c:\Users\kotha\AppData\Local\Programs\Microsoft VS Code\resources\app\out\vs\workbench\api\node\extensionHostProcess.js:147:5286)
	at d.M (c:\Users\kotha\AppData\Local\Programs\Microsoft VS Code\resources\app\out\vs\workbench\api\node\extensionHostProcess.js:147:4338)
	at d.L (c:\Users\kotha\AppData\Local\Programs\Microsoft VS Code\resources\app\out\vs\workbench\api\node\extensionHostProcess.js:147:3455)
	at g.value (c:\Users\kotha\AppData\Local\Programs\Microsoft VS Code\resources\app\out\vs\workbench\api\node\extensionHostProcess.js:147:2242)
	at r.y (c:\Users\kotha\AppData\Local\Programs\Microsoft VS Code\resources\app\out\vs\workbench\api\node\extensionHostProcess.js:80:1902)
	at r.fire (c:\Users\kotha\AppData\Local\Programs\Microsoft VS Code\resources\app\out\vs\workbench\api\node\extensionHostProcess.js:80:2119)
	at n.fire (c:\Users\kotha\AppData\Local\Programs\Microsoft VS Code\resources\app\out\vs\workbench\api\node\extensionHostProcess.js:105:14073)
	at g.value (c:\Users\kotha\AppData\Local\Programs\Microsoft VS Code\resources\app\out\vs\workbench\api\node\extensionHostProcess.js:173:8051)
	at r.y (c:\Users\kotha\AppData\Local\Programs\Microsoft VS Code\resources\app\out\vs\workbench\api\node\extensionHostProcess.js:80:1902)
	at r.fire (c:\Users\kotha\AppData\Local\Programs\Microsoft VS Code\resources\app\out\vs\workbench\api\node\extensionHostProcess.js:80:2119)
	at n.fire (c:\Users\kotha\AppData\Local\Programs\Microsoft VS Code\resources\app\out\vs\workbench\api\node\extensionHostProcess.js:105:14073)
	at MessagePortMain.<anonymous> (c:\Users\kotha\AppData\Local\Programs\Microsoft VS Code\resources\app\out\vs\workbench\api\node\extensionHostProcess.js:173:6331)
	at MessagePortMain.emit (node:events:514:28)
	at Object.emit (node:electron/js2c/utility_init:2:2285)
2024-02-16 10:56:32.820 [error] [vscode.emmet] provider FAILED
2024-02-16 10:56:32.820 [error] TypeError: Cannot read properties of undefined (reading 'start')
	at t.$S.b (c:\Users\kotha\AppData\Local\Programs\Microsoft VS Code\resources\app\extensions\emmet\dist\node\emmetNodeMain.js:1:129945)
	at t.$S.provideCompletionItems (c:\Users\kotha\AppData\Local\Programs\Microsoft VS Code\resources\app\extensions\emmet\dist\node\emmetNodeMain.js:1:128540)
	at $e.provideCompletionItems (c:\Users\kotha\AppData\Local\Programs\Microsoft VS Code\resources\app\out\vs\workbench\api\node\extensionHostProcess.js:150:99164)
	at c:\Users\kotha\AppData\Local\Programs\Microsoft VS Code\resources\app\out\vs\workbench\api\node\extensionHostProcess.js:150:120900
	at pe.s (c:\Users\kotha\AppData\Local\Programs\Microsoft VS Code\resources\app\out\vs\workbench\api\node\extensionHostProcess.js:150:112365)
	at pe.$provideCompletionItems (c:\Users\kotha\AppData\Local\Programs\Microsoft VS Code\resources\app\out\vs\workbench\api\node\extensionHostProcess.js:150:120886)
	at d.S (c:\Users\kotha\AppData\Local\Programs\Microsoft VS Code\resources\app\out\vs\workbench\api\node\extensionHostProcess.js:147:5520)
	at d.Q (c:\Users\kotha\AppData\Local\Programs\Microsoft VS Code\resources\app\out\vs\workbench\api\node\extensionHostProcess.js:147:5286)
	at d.M (c:\Users\kotha\AppData\Local\Programs\Microsoft VS Code\resources\app\out\vs\workbench\api\node\extensionHostProcess.js:147:4338)
	at d.L (c:\Users\kotha\AppData\Local\Programs\Microsoft VS Code\resources\app\out\vs\workbench\api\node\extensionHostProcess.js:147:3455)
	at g.value (c:\Users\kotha\AppData\Local\Programs\Microsoft VS Code\resources\app\out\vs\workbench\api\node\extensionHostProcess.js:147:2242)
	at r.y (c:\Users\kotha\AppData\Local\Programs\Microsoft VS Code\resources\app\out\vs\workbench\api\node\extensionHostProcess.js:80:1902)
	at r.fire (c:\Users\kotha\AppData\Local\Programs\Microsoft VS Code\resources\app\out\vs\workbench\api\node\extensionHostProcess.js:80:2119)
	at n.fire (c:\Users\kotha\AppData\Local\Programs\Microsoft VS Code\resources\app\out\vs\workbench\api\node\extensionHostProcess.js:105:14073)
	at g.value (c:\Users\kotha\AppData\Local\Programs\Microsoft VS Code\resources\app\out\vs\workbench\api\node\extensionHostProcess.js:173:8051)
	at r.y (c:\Users\kotha\AppData\Local\Programs\Microsoft VS Code\resources\app\out\vs\workbench\api\node\extensionHostProcess.js:80:1902)
	at r.fire (c:\Users\kotha\AppData\Local\Programs\Microsoft VS Code\resources\app\out\vs\workbench\api\node\extensionHostProcess.js:80:2119)
	at n.fire (c:\Users\kotha\AppData\Local\Programs\Microsoft VS Code\resources\app\out\vs\workbench\api\node\extensionHostProcess.js:105:14073)
	at MessagePortMain.<anonymous> (c:\Users\kotha\AppData\Local\Programs\Microsoft VS Code\resources\app\out\vs\workbench\api\node\extensionHostProcess.js:173:6331)
	at MessagePortMain.emit (node:events:514:28)
	at Object.emit (node:electron/js2c/utility_init:2:2285)
2024-02-16 10:56:33.031 [error] [vscode.emmet] provider FAILED
2024-02-16 10:56:33.031 [error] TypeError: Cannot read properties of undefined (reading 'start')
	at t.$S.b (c:\Users\kotha\AppData\Local\Programs\Microsoft VS Code\resources\app\extensions\emmet\dist\node\emmetNodeMain.js:1:129945)
	at t.$S.provideCompletionItems (c:\Users\kotha\AppData\Local\Programs\Microsoft VS Code\resources\app\extensions\emmet\dist\node\emmetNodeMain.js:1:128540)
	at $e.provideCompletionItems (c:\Users\kotha\AppData\Local\Programs\Microsoft VS Code\resources\app\out\vs\workbench\api\node\extensionHostProcess.js:150:99164)
	at c:\Users\kotha\AppData\Local\Programs\Microsoft VS Code\resources\app\out\vs\workbench\api\node\extensionHostProcess.js:150:120900
	at pe.s (c:\Users\kotha\AppData\Local\Programs\Microsoft VS Code\resources\app\out\vs\workbench\api\node\extensionHostProcess.js:150:112365)
	at pe.$provideCompletionItems (c:\Users\kotha\AppData\Local\Programs\Microsoft VS Code\resources\app\out\vs\workbench\api\node\extensionHostProcess.js:150:120886)
	at d.S (c:\Users\kotha\AppData\Local\Programs\Microsoft VS Code\resources\app\out\vs\workbench\api\node\extensionHostProcess.js:147:5520)
	at d.Q (c:\Users\kotha\AppData\Local\Programs\Microsoft VS Code\resources\app\out\vs\workbench\api\node\extensionHostProcess.js:147:5286)
	at d.M (c:\Users\kotha\AppData\Local\Programs\Microsoft VS Code\resources\app\out\vs\workbench\api\node\extensionHostProcess.js:147:4338)
	at d.L (c:\Users\kotha\AppData\Local\Programs\Microsoft VS Code\resources\app\out\vs\workbench\api\node\extensionHostProcess.js:147:3455)
	at g.value (c:\Users\kotha\AppData\Local\Programs\Microsoft VS Code\resources\app\out\vs\workbench\api\node\extensionHostProcess.js:147:2242)
	at r.y (c:\Users\kotha\AppData\Local\Programs\Microsoft VS Code\resources\app\out\vs\workbench\api\node\extensionHostProcess.js:80:1902)
	at r.fire (c:\Users\kotha\AppData\Local\Programs\Microsoft VS Code\resources\app\out\vs\workbench\api\node\extensionHostProcess.js:80:2119)
	at n.fire (c:\Users\kotha\AppData\Local\Programs\Microsoft VS Code\resources\app\out\vs\workbench\api\node\extensionHostProcess.js:105:14073)
	at g.value (c:\Users\kotha\AppData\Local\Programs\Microsoft VS Code\resources\app\out\vs\workbench\api\node\extensionHostProcess.js:173:8051)
	at r.y (c:\Users\kotha\AppData\Local\Programs\Microsoft VS Code\resources\app\out\vs\workbench\api\node\extensionHostProcess.js:80:1902)
	at r.fire (c:\Users\kotha\AppData\Local\Programs\Microsoft VS Code\resources\app\out\vs\workbench\api\node\extensionHostProcess.js:80:2119)
	at n.fire (c:\Users\kotha\AppData\Local\Programs\Microsoft VS Code\resources\app\out\vs\workbench\api\node\extensionHostProcess.js:105:14073)
	at MessagePortMain.<anonymous> (c:\Users\kotha\AppData\Local\Programs\Microsoft VS Code\resources\app\out\vs\workbench\api\node\extensionHostProcess.js:173:6331)
	at MessagePortMain.emit (node:events:514:28)
	at Object.emit (node:electron/js2c/utility_init:2:2285)
2024-02-16 10:56:33.437 [error] [vscode.emmet] provider FAILED
2024-02-16 10:56:33.437 [error] TypeError: Cannot read properties of undefined (reading 'start')
	at t.$S.b (c:\Users\kotha\AppData\Local\Programs\Microsoft VS Code\resources\app\extensions\emmet\dist\node\emmetNodeMain.js:1:129945)
	at t.$S.provideCompletionItems (c:\Users\kotha\AppData\Local\Programs\Microsoft VS Code\resources\app\extensions\emmet\dist\node\emmetNodeMain.js:1:128540)
	at $e.provideCompletionItems (c:\Users\kotha\AppData\Local\Programs\Microsoft VS Code\resources\app\out\vs\workbench\api\node\extensionHostProcess.js:150:99164)
	at c:\Users\kotha\AppData\Local\Programs\Microsoft VS Code\resources\app\out\vs\workbench\api\node\extensionHostProcess.js:150:120900
	at pe.s (c:\Users\kotha\AppData\Local\Programs\Microsoft VS Code\resources\app\out\vs\workbench\api\node\extensionHostProcess.js:150:112365)
	at pe.$provideCompletionItems (c:\Users\kotha\AppData\Local\Programs\Microsoft VS Code\resources\app\out\vs\workbench\api\node\extensionHostProcess.js:150:120886)
	at d.S (c:\Users\kotha\AppData\Local\Programs\Microsoft VS Code\resources\app\out\vs\workbench\api\node\extensionHostProcess.js:147:5520)
	at d.Q (c:\Users\kotha\AppData\Local\Programs\Microsoft VS Code\resources\app\out\vs\workbench\api\node\extensionHostProcess.js:147:5286)
	at d.M (c:\Users\kotha\AppData\Local\Programs\Microsoft VS Code\resources\app\out\vs\workbench\api\node\extensionHostProcess.js:147:4338)
	at d.L (c:\Users\kotha\AppData\Local\Programs\Microsoft VS Code\resources\app\out\vs\workbench\api\node\extensionHostProcess.js:147:3455)
	at g.value (c:\Users\kotha\AppData\Local\Programs\Microsoft VS Code\resources\app\out\vs\workbench\api\node\extensionHostProcess.js:147:2242)
	at r.y (c:\Users\kotha\AppData\Local\Programs\Microsoft VS Code\resources\app\out\vs\workbench\api\node\extensionHostProcess.js:80:1902)
	at r.fire (c:\Users\kotha\AppData\Local\Programs\Microsoft VS Code\resources\app\out\vs\workbench\api\node\extensionHostProcess.js:80:2119)
	at n.fire (c:\Users\kotha\AppData\Local\Programs\Microsoft VS Code\resources\app\out\vs\workbench\api\node\extensionHostProcess.js:105:14073)
	at g.value (c:\Users\kotha\AppData\Local\Programs\Microsoft VS Code\resources\app\out\vs\workbench\api\node\extensionHostProcess.js:173:8051)
	at r.y (c:\Users\kotha\AppData\Local\Programs\Microsoft VS Code\resources\app\out\vs\workbench\api\node\extensionHostProcess.js:80:1902)
	at r.fire (c:\Users\kotha\AppData\Local\Programs\Microsoft VS Code\resources\app\out\vs\workbench\api\node\extensionHostProcess.js:80:2119)
	at n.fire (c:\Users\kotha\AppData\Local\Programs\Microsoft VS Code\resources\app\out\vs\workbench\api\node\extensionHostProcess.js:105:14073)
	at MessagePortMain.<anonymous> (c:\Users\kotha\AppData\Local\Programs\Microsoft VS Code\resources\app\out\vs\workbench\api\node\extensionHostProcess.js:173:6331)
	at MessagePortMain.emit (node:events:514:28)
	at Object.emit (node:electron/js2c/utility_init:2:2285)
2024-02-16 10:56:33.705 [error] [vscode.emmet] provider FAILED
2024-02-16 10:56:33.705 [error] TypeError: Cannot read properties of undefined (reading 'start')
	at t.$S.b (c:\Users\kotha\AppData\Local\Programs\Microsoft VS Code\resources\app\extensions\emmet\dist\node\emmetNodeMain.js:1:129945)
	at t.$S.provideCompletionItems (c:\Users\kotha\AppData\Local\Programs\Microsoft VS Code\resources\app\extensions\emmet\dist\node\emmetNodeMain.js:1:128540)
	at $e.provideCompletionItems (c:\Users\kotha\AppData\Local\Programs\Microsoft VS Code\resources\app\out\vs\workbench\api\node\extensionHostProcess.js:150:99164)
	at c:\Users\kotha\AppData\Local\Programs\Microsoft VS Code\resources\app\out\vs\workbench\api\node\extensionHostProcess.js:150:120900
	at pe.s (c:\Users\kotha\AppData\Local\Programs\Microsoft VS Code\resources\app\out\vs\workbench\api\node\extensionHostProcess.js:150:112365)
	at pe.$provideCompletionItems (c:\Users\kotha\AppData\Local\Programs\Microsoft VS Code\resources\app\out\vs\workbench\api\node\extensionHostProcess.js:150:120886)
	at d.S (c:\Users\kotha\AppData\Local\Programs\Microsoft VS Code\resources\app\out\vs\workbench\api\node\extensionHostProcess.js:147:5520)
	at d.Q (c:\Users\kotha\AppData\Local\Programs\Microsoft VS Code\resources\app\out\vs\workbench\api\node\extensionHostProcess.js:147:5286)
	at d.M (c:\Users\kotha\AppData\Local\Programs\Microsoft VS Code\resources\app\out\vs\workbench\api\node\extensionHostProcess.js:147:4338)
	at d.L (c:\Users\kotha\AppData\Local\Programs\Microsoft VS Code\resources\app\out\vs\workbench\api\node\extensionHostProcess.js:147:3455)
	at g.value (c:\Users\kotha\AppData\Local\Programs\Microsoft VS Code\resources\app\out\vs\workbench\api\node\extensionHostProcess.js:147:2242)
	at r.y (c:\Users\kotha\AppData\Local\Programs\Microsoft VS Code\resources\app\out\vs\workbench\api\node\extensionHostProcess.js:80:1902)
	at r.fire (c:\Users\kotha\AppData\Local\Programs\Microsoft VS Code\resources\app\out\vs\workbench\api\node\extensionHostProcess.js:80:2119)
	at n.fire (c:\Users\kotha\AppData\Local\Programs\Microsoft VS Code\resources\app\out\vs\workbench\api\node\extensionHostProcess.js:105:14073)
	at g.value (c:\Users\kotha\AppData\Local\Programs\Microsoft VS Code\resources\app\out\vs\workbench\api\node\extensionHostProcess.js:173:8051)
	at r.y (c:\Users\kotha\AppData\Local\Programs\Microsoft VS Code\resources\app\out\vs\workbench\api\node\extensionHostProcess.js:80:1902)
	at r.fire (c:\Users\kotha\AppData\Local\Programs\Microsoft VS Code\resources\app\out\vs\workbench\api\node\extensionHostProcess.js:80:2119)
	at n.fire (c:\Users\kotha\AppData\Local\Programs\Microsoft VS Code\resources\app\out\vs\workbench\api\node\extensionHostProcess.js:105:14073)
	at MessagePortMain.<anonymous> (c:\Users\kotha\AppData\Local\Programs\Microsoft VS Code\resources\app\out\vs\workbench\api\node\extensionHostProcess.js:173:6331)
	at MessagePortMain.emit (node:events:514:28)
	at Object.emit (node:electron/js2c/utility_init:2:2285)
2024-02-16 10:56:34.313 [error] [vscode.emmet] provider FAILED
2024-02-16 10:56:34.313 [error] TypeError: Cannot read properties of undefined (reading 'start')
	at t.$S.b (c:\Users\kotha\AppData\Local\Programs\Microsoft VS Code\resources\app\extensions\emmet\dist\node\emmetNodeMain.js:1:129945)
	at t.$S.provideCompletionItems (c:\Users\kotha\AppData\Local\Programs\Microsoft VS Code\resources\app\extensions\emmet\dist\node\emmetNodeMain.js:1:128540)
	at $e.provideCompletionItems (c:\Users\kotha\AppData\Local\Programs\Microsoft VS Code\resources\app\out\vs\workbench\api\node\extensionHostProcess.js:150:99164)
	at c:\Users\kotha\AppData\Local\Programs\Microsoft VS Code\resources\app\out\vs\workbench\api\node\extensionHostProcess.js:150:120900
	at pe.s (c:\Users\kotha\AppData\Local\Programs\Microsoft VS Code\resources\app\out\vs\workbench\api\node\extensionHostProcess.js:150:112365)
	at pe.$provideCompletionItems (c:\Users\kotha\AppData\Local\Programs\Microsoft VS Code\resources\app\out\vs\workbench\api\node\extensionHostProcess.js:150:120886)
	at d.S (c:\Users\kotha\AppData\Local\Programs\Microsoft VS Code\resources\app\out\vs\workbench\api\node\extensionHostProcess.js:147:5520)
	at d.Q (c:\Users\kotha\AppData\Local\Programs\Microsoft VS Code\resources\app\out\vs\workbench\api\node\extensionHostProcess.js:147:5286)
	at d.M (c:\Users\kotha\AppData\Local\Programs\Microsoft VS Code\resources\app\out\vs\workbench\api\node\extensionHostProcess.js:147:4338)
	at d.L (c:\Users\kotha\AppData\Local\Programs\Microsoft VS Code\resources\app\out\vs\workbench\api\node\extensionHostProcess.js:147:3455)
	at g.value (c:\Users\kotha\AppData\Local\Programs\Microsoft VS Code\resources\app\out\vs\workbench\api\node\extensionHostProcess.js:147:2242)
	at r.y (c:\Users\kotha\AppData\Local\Programs\Microsoft VS Code\resources\app\out\vs\workbench\api\node\extensionHostProcess.js:80:1902)
	at r.fire (c:\Users\kotha\AppData\Local\Programs\Microsoft VS Code\resources\app\out\vs\workbench\api\node\extensionHostProcess.js:80:2119)
	at n.fire (c:\Users\kotha\AppData\Local\Programs\Microsoft VS Code\resources\app\out\vs\workbench\api\node\extensionHostProcess.js:105:14073)
	at g.value (c:\Users\kotha\AppData\Local\Programs\Microsoft VS Code\resources\app\out\vs\workbench\api\node\extensionHostProcess.js:173:8051)
	at r.y (c:\Users\kotha\AppData\Local\Programs\Microsoft VS Code\resources\app\out\vs\workbench\api\node\extensionHostProcess.js:80:1902)
	at r.fire (c:\Users\kotha\AppData\Local\Programs\Microsoft VS Code\resources\app\out\vs\workbench\api\node\extensionHostProcess.js:80:2119)
	at n.fire (c:\Users\kotha\AppData\Local\Programs\Microsoft VS Code\resources\app\out\vs\workbench\api\node\extensionHostProcess.js:105:14073)
	at MessagePortMain.<anonymous> (c:\Users\kotha\AppData\Local\Programs\Microsoft VS Code\resources\app\out\vs\workbench\api\node\extensionHostProcess.js:173:6331)
	at MessagePortMain.emit (node:events:514:28)
	at Object.emit (node:electron/js2c/utility_init:2:2285)
2024-02-16 10:56:35.230 [error] [vscode.emmet] provider FAILED
2024-02-16 10:56:35.230 [error] TypeError: Cannot read properties of undefined (reading 'start')
	at t.$S.b (c:\Users\kotha\AppData\Local\Programs\Microsoft VS Code\resources\app\extensions\emmet\dist\node\emmetNodeMain.js:1:129945)
	at t.$S.provideCompletionItems (c:\Users\kotha\AppData\Local\Programs\Microsoft VS Code\resources\app\extensions\emmet\dist\node\emmetNodeMain.js:1:128540)
	at $e.provideCompletionItems (c:\Users\kotha\AppData\Local\Programs\Microsoft VS Code\resources\app\out\vs\workbench\api\node\extensionHostProcess.js:150:99164)
	at c:\Users\kotha\AppData\Local\Programs\Microsoft VS Code\resources\app\out\vs\workbench\api\node\extensionHostProcess.js:150:120900
	at pe.s (c:\Users\kotha\AppData\Local\Programs\Microsoft VS Code\resources\app\out\vs\workbench\api\node\extensionHostProcess.js:150:112365)
	at pe.$provideCompletionItems (c:\Users\kotha\AppData\Local\Programs\Microsoft VS Code\resources\app\out\vs\workbench\api\node\extensionHostProcess.js:150:120886)
	at d.S (c:\Users\kotha\AppData\Local\Programs\Microsoft VS Code\resources\app\out\vs\workbench\api\node\extensionHostProcess.js:147:5520)
	at d.Q (c:\Users\kotha\AppData\Local\Programs\Microsoft VS Code\resources\app\out\vs\workbench\api\node\extensionHostProcess.js:147:5286)
	at d.M (c:\Users\kotha\AppData\Local\Programs\Microsoft VS Code\resources\app\out\vs\workbench\api\node\extensionHostProcess.js:147:4338)
	at d.L (c:\Users\kotha\AppData\Local\Programs\Microsoft VS Code\resources\app\out\vs\workbench\api\node\extensionHostProcess.js:147:3455)
	at g.value (c:\Users\kotha\AppData\Local\Programs\Microsoft VS Code\resources\app\out\vs\workbench\api\node\extensionHostProcess.js:147:2242)
	at r.y (c:\Users\kotha\AppData\Local\Programs\Microsoft VS Code\resources\app\out\vs\workbench\api\node\extensionHostProcess.js:80:1902)
	at r.fire (c:\Users\kotha\AppData\Local\Programs\Microsoft VS Code\resources\app\out\vs\workbench\api\node\extensionHostProcess.js:80:2119)
	at n.fire (c:\Users\kotha\AppData\Local\Programs\Microsoft VS Code\resources\app\out\vs\workbench\api\node\extensionHostProcess.js:105:14073)
	at g.value (c:\Users\kotha\AppData\Local\Programs\Microsoft VS Code\resources\app\out\vs\workbench\api\node\extensionHostProcess.js:173:8051)
	at r.y (c:\Users\kotha\AppData\Local\Programs\Microsoft VS Code\resources\app\out\vs\workbench\api\node\extensionHostProcess.js:80:1902)
	at r.fire (c:\Users\kotha\AppData\Local\Programs\Microsoft VS Code\resources\app\out\vs\workbench\api\node\extensionHostProcess.js:80:2119)
	at n.fire (c:\Users\kotha\AppData\Local\Programs\Microsoft VS Code\resources\app\out\vs\workbench\api\node\extensionHostProcess.js:105:14073)
	at MessagePortMain.<anonymous> (c:\Users\kotha\AppData\Local\Programs\Microsoft VS Code\resources\app\out\vs\workbench\api\node\extensionHostProcess.js:173:6331)
	at MessagePortMain.emit (node:events:514:28)
	at Object.emit (node:electron/js2c/utility_init:2:2285)
2024-02-16 10:56:35.532 [error] [vscode.emmet] provider FAILED
2024-02-16 10:56:35.532 [error] TypeError: Cannot read properties of undefined (reading 'start')
	at t.$S.b (c:\Users\kotha\AppData\Local\Programs\Microsoft VS Code\resources\app\extensions\emmet\dist\node\emmetNodeMain.js:1:129945)
	at t.$S.provideCompletionItems (c:\Users\kotha\AppData\Local\Programs\Microsoft VS Code\resources\app\extensions\emmet\dist\node\emmetNodeMain.js:1:128540)
	at $e.provideCompletionItems (c:\Users\kotha\AppData\Local\Programs\Microsoft VS Code\resources\app\out\vs\workbench\api\node\extensionHostProcess.js:150:99164)
	at c:\Users\kotha\AppData\Local\Programs\Microsoft VS Code\resources\app\out\vs\workbench\api\node\extensionHostProcess.js:150:120900
	at pe.s (c:\Users\kotha\AppData\Local\Programs\Microsoft VS Code\resources\app\out\vs\workbench\api\node\extensionHostProcess.js:150:112365)
	at pe.$provideCompletionItems (c:\Users\kotha\AppData\Local\Programs\Microsoft VS Code\resources\app\out\vs\workbench\api\node\extensionHostProcess.js:150:120886)
	at d.S (c:\Users\kotha\AppData\Local\Programs\Microsoft VS Code\resources\app\out\vs\workbench\api\node\extensionHostProcess.js:147:5520)
	at d.Q (c:\Users\kotha\AppData\Local\Programs\Microsoft VS Code\resources\app\out\vs\workbench\api\node\extensionHostProcess.js:147:5286)
	at d.M (c:\Users\kotha\AppData\Local\Programs\Microsoft VS Code\resources\app\out\vs\workbench\api\node\extensionHostProcess.js:147:4338)
	at d.L (c:\Users\kotha\AppData\Local\Programs\Microsoft VS Code\resources\app\out\vs\workbench\api\node\extensionHostProcess.js:147:3455)
	at g.value (c:\Users\kotha\AppData\Local\Programs\Microsoft VS Code\resources\app\out\vs\workbench\api\node\extensionHostProcess.js:147:2242)
	at r.y (c:\Users\kotha\AppData\Local\Programs\Microsoft VS Code\resources\app\out\vs\workbench\api\node\extensionHostProcess.js:80:1902)
	at r.fire (c:\Users\kotha\AppData\Local\Programs\Microsoft VS Code\resources\app\out\vs\workbench\api\node\extensionHostProcess.js:80:2119)
	at n.fire (c:\Users\kotha\AppData\Local\Programs\Microsoft VS Code\resources\app\out\vs\workbench\api\node\extensionHostProcess.js:105:14073)
	at g.value (c:\Users\kotha\AppData\Local\Programs\Microsoft VS Code\resources\app\out\vs\workbench\api\node\extensionHostProcess.js:173:8051)
	at r.y (c:\Users\kotha\AppData\Local\Programs\Microsoft VS Code\resources\app\out\vs\workbench\api\node\extensionHostProcess.js:80:1902)
	at r.fire (c:\Users\kotha\AppData\Local\Programs\Microsoft VS Code\resources\app\out\vs\workbench\api\node\extensionHostProcess.js:80:2119)
	at n.fire (c:\Users\kotha\AppData\Local\Programs\Microsoft VS Code\resources\app\out\vs\workbench\api\node\extensionHostProcess.js:105:14073)
	at MessagePortMain.<anonymous> (c:\Users\kotha\AppData\Local\Programs\Microsoft VS Code\resources\app\out\vs\workbench\api\node\extensionHostProcess.js:173:6331)
	at MessagePortMain.emit (node:events:514:28)
	at Object.emit (node:electron/js2c/utility_init:2:2285)
2024-02-16 10:56:35.721 [error] [vscode.emmet] provider FAILED
2024-02-16 10:56:35.721 [error] TypeError: Cannot read properties of undefined (reading 'start')
	at t.$S.b (c:\Users\kotha\AppData\Local\Programs\Microsoft VS Code\resources\app\extensions\emmet\dist\node\emmetNodeMain.js:1:129945)
	at t.$S.provideCompletionItems (c:\Users\kotha\AppData\Local\Programs\Microsoft VS Code\resources\app\extensions\emmet\dist\node\emmetNodeMain.js:1:128540)
	at $e.provideCompletionItems (c:\Users\kotha\AppData\Local\Programs\Microsoft VS Code\resources\app\out\vs\workbench\api\node\extensionHostProcess.js:150:99164)
	at c:\Users\kotha\AppData\Local\Programs\Microsoft VS Code\resources\app\out\vs\workbench\api\node\extensionHostProcess.js:150:120900
	at pe.s (c:\Users\kotha\AppData\Local\Programs\Microsoft VS Code\resources\app\out\vs\workbench\api\node\extensionHostProcess.js:150:112365)
	at pe.$provideCompletionItems (c:\Users\kotha\AppData\Local\Programs\Microsoft VS Code\resources\app\out\vs\workbench\api\node\extensionHostProcess.js:150:120886)
	at d.S (c:\Users\kotha\AppData\Local\Programs\Microsoft VS Code\resources\app\out\vs\workbench\api\node\extensionHostProcess.js:147:5520)
	at d.Q (c:\Users\kotha\AppData\Local\Programs\Microsoft VS Code\resources\app\out\vs\workbench\api\node\extensionHostProcess.js:147:5286)
	at d.M (c:\Users\kotha\AppData\Local\Programs\Microsoft VS Code\resources\app\out\vs\workbench\api\node\extensionHostProcess.js:147:4338)
	at d.L (c:\Users\kotha\AppData\Local\Programs\Microsoft VS Code\resources\app\out\vs\workbench\api\node\extensionHostProcess.js:147:3455)
	at g.value (c:\Users\kotha\AppData\Local\Programs\Microsoft VS Code\resources\app\out\vs\workbench\api\node\extensionHostProcess.js:147:2242)
	at r.y (c:\Users\kotha\AppData\Local\Programs\Microsoft VS Code\resources\app\out\vs\workbench\api\node\extensionHostProcess.js:80:1902)
	at r.fire (c:\Users\kotha\AppData\Local\Programs\Microsoft VS Code\resources\app\out\vs\workbench\api\node\extensionHostProcess.js:80:2119)
	at n.fire (c:\Users\kotha\AppData\Local\Programs\Microsoft VS Code\resources\app\out\vs\workbench\api\node\extensionHostProcess.js:105:14073)
	at g.value (c:\Users\kotha\AppData\Local\Programs\Microsoft VS Code\resources\app\out\vs\workbench\api\node\extensionHostProcess.js:173:8051)
	at r.y (c:\Users\kotha\AppData\Local\Programs\Microsoft VS Code\resources\app\out\vs\workbench\api\node\extensionHostProcess.js:80:1902)
	at r.fire (c:\Users\kotha\AppData\Local\Programs\Microsoft VS Code\resources\app\out\vs\workbench\api\node\extensionHostProcess.js:80:2119)
	at n.fire (c:\Users\kotha\AppData\Local\Programs\Microsoft VS Code\resources\app\out\vs\workbench\api\node\extensionHostProcess.js:105:14073)
	at MessagePortMain.<anonymous> (c:\Users\kotha\AppData\Local\Programs\Microsoft VS Code\resources\app\out\vs\workbench\api\node\extensionHostProcess.js:173:6331)
	at MessagePortMain.emit (node:events:514:28)
	at Object.emit (node:electron/js2c/utility_init:2:2285)
2024-02-16 10:56:35.894 [error] [vscode.emmet] provider FAILED
2024-02-16 10:56:35.894 [error] TypeError: Cannot read properties of undefined (reading 'start')
	at t.$S.b (c:\Users\kotha\AppData\Local\Programs\Microsoft VS Code\resources\app\extensions\emmet\dist\node\emmetNodeMain.js:1:129945)
	at t.$S.provideCompletionItems (c:\Users\kotha\AppData\Local\Programs\Microsoft VS Code\resources\app\extensions\emmet\dist\node\emmetNodeMain.js:1:128540)
	at $e.provideCompletionItems (c:\Users\kotha\AppData\Local\Programs\Microsoft VS Code\resources\app\out\vs\workbench\api\node\extensionHostProcess.js:150:99164)
	at c:\Users\kotha\AppData\Local\Programs\Microsoft VS Code\resources\app\out\vs\workbench\api\node\extensionHostProcess.js:150:120900
	at pe.s (c:\Users\kotha\AppData\Local\Programs\Microsoft VS Code\resources\app\out\vs\workbench\api\node\extensionHostProcess.js:150:112365)
	at pe.$provideCompletionItems (c:\Users\kotha\AppData\Local\Programs\Microsoft VS Code\resources\app\out\vs\workbench\api\node\extensionHostProcess.js:150:120886)
	at d.S (c:\Users\kotha\AppData\Local\Programs\Microsoft VS Code\resources\app\out\vs\workbench\api\node\extensionHostProcess.js:147:5520)
	at d.Q (c:\Users\kotha\AppData\Local\Programs\Microsoft VS Code\resources\app\out\vs\workbench\api\node\extensionHostProcess.js:147:5286)
	at d.M (c:\Users\kotha\AppData\Local\Programs\Microsoft VS Code\resources\app\out\vs\workbench\api\node\extensionHostProcess.js:147:4338)
	at d.L (c:\Users\kotha\AppData\Local\Programs\Microsoft VS Code\resources\app\out\vs\workbench\api\node\extensionHostProcess.js:147:3455)
	at g.value (c:\Users\kotha\AppData\Local\Programs\Microsoft VS Code\resources\app\out\vs\workbench\api\node\extensionHostProcess.js:147:2242)
	at r.y (c:\Users\kotha\AppData\Local\Programs\Microsoft VS Code\resources\app\out\vs\workbench\api\node\extensionHostProcess.js:80:1902)
	at r.fire (c:\Users\kotha\AppData\Local\Programs\Microsoft VS Code\resources\app\out\vs\workbench\api\node\extensionHostProcess.js:80:2119)
	at n.fire (c:\Users\kotha\AppData\Local\Programs\Microsoft VS Code\resources\app\out\vs\workbench\api\node\extensionHostProcess.js:105:14073)
	at g.value (c:\Users\kotha\AppData\Local\Programs\Microsoft VS Code\resources\app\out\vs\workbench\api\node\extensionHostProcess.js:173:8051)
	at r.y (c:\Users\kotha\AppData\Local\Programs\Microsoft VS Code\resources\app\out\vs\workbench\api\node\extensionHostProcess.js:80:1902)
	at r.fire (c:\Users\kotha\AppData\Local\Programs\Microsoft VS Code\resources\app\out\vs\workbench\api\node\extensionHostProcess.js:80:2119)
	at n.fire (c:\Users\kotha\AppData\Local\Programs\Microsoft VS Code\resources\app\out\vs\workbench\api\node\extensionHostProcess.js:105:14073)
	at MessagePortMain.<anonymous> (c:\Users\kotha\AppData\Local\Programs\Microsoft VS Code\resources\app\out\vs\workbench\api\node\extensionHostProcess.js:173:6331)
	at MessagePortMain.emit (node:events:514:28)
	at Object.emit (node:electron/js2c/utility_init:2:2285)
2024-02-16 11:24:05.485 [info] Extension host terminating: renderer closed the MessagePort
2024-02-16 11:24:05.584 [info] Extension host with pid 5608 exiting with code 0
