C:\Users\kotha\AppData\Local\Programs\Python\Python312\app.py
C:\Users\kotha\AppData\Local\Programs\Python\Python312\database connection.py
C:\Users\kotha\AppData\Local\Programs\Python\Python312\day20gen.py
C:\Users\kotha\AppData\Local\Programs\Python\Python312\day19thread3.py
C:\Users\kotha\AppData\Local\Programs\Python\Python312\day19thread2.py
C:\Users\kotha\AppData\Local\Programs\Python\Python312\day19.py
C:\Users\kotha\AppData\Local\Programs\Python\Python312\day18Inheritance.py
C:\Users\kotha\AppData\Local\Programs\Python\Python311\DO.py
C:\Users\kotha\AppData\Local\Programs\Python\Python311\while2.py
C:\Users\kotha\AppData\Local\Programs\Python\Python311\while.py
C:\Users\kotha\AppData\Local\Programs\Python\Python311\arra2.py
C:\Users\kotha\AppData\Local\Programs\Python\Python311\array.py
C:\Users\kotha\AppData\Local\Programs\Python\Python311\sqrt.py
C:\Users\kotha\AppData\Local\Programs\Python\Python311\Amstrong.py
C:\Users\kotha\AppData\Local\Programs\Python\Python311\area.py
C:\Users\kotha\AppData\Local\Programs\Python\Python311\3 num.py
C:\Users\kotha\AppData\Local\Programs\Python\Python311\check number.py
C:\Users\kotha\AppData\Local\Programs\Python\Python311\cellius to fah.py
C:\Users\kotha\AppData\Local\Programs\Python\Python311\km to miles.py
C:\Users\kotha\AppData\Local\Programs\Python\Python311\factorial.py
C:\Users\kotha\AppData\Local\Programs\Python\Python311\natural.py
